Archive member included to satisfy reference by file (symbol)

C:/ST/STM32CubeIDE_1.13.1/STM32CubeIDE/plugins/com.st.stm32cube.ide.mcu.externaltools.gnu-tools-for-stm32.12.3.rel1.win32_1.0.100.202403111256/tools/bin/../lib/gcc/arm-none-eabi/12.3.1/../../../../arm-none-eabi/lib/thumb/v7e-m+fp/hard\libc_nano.a(libc_a-exit.o)
                              C:/ST/STM32CubeIDE_1.13.1/STM32CubeIDE/plugins/com.st.stm32cube.ide.mcu.externaltools.gnu-tools-for-stm32.12.3.rel1.win32_1.0.100.202403111256/tools/bin/../lib/gcc/arm-none-eabi/12.3.1/../../../../arm-none-eabi/lib/thumb/v7e-m+fp/hard/crt0.o (exit)
C:/ST/STM32CubeIDE_1.13.1/STM32CubeIDE/plugins/com.st.stm32cube.ide.mcu.externaltools.gnu-tools-for-stm32.12.3.rel1.win32_1.0.100.202403111256/tools/bin/../lib/gcc/arm-none-eabi/12.3.1/../../../../arm-none-eabi/lib/thumb/v7e-m+fp/hard\libc_nano.a(libc_a-findfp.o)
                              C:/ST/STM32CubeIDE_1.13.1/STM32CubeIDE/plugins/com.st.stm32cube.ide.mcu.externaltools.gnu-tools-for-stm32.12.3.rel1.win32_1.0.100.202403111256/tools/bin/../lib/gcc/arm-none-eabi/12.3.1/../../../../arm-none-eabi/lib/thumb/v7e-m+fp/hard\libc_nano.a(libc_a-exit.o) (__stdio_exit_handler)
C:/ST/STM32CubeIDE_1.13.1/STM32CubeIDE/plugins/com.st.stm32cube.ide.mcu.externaltools.gnu-tools-for-stm32.12.3.rel1.win32_1.0.100.202403111256/tools/bin/../lib/gcc/arm-none-eabi/12.3.1/../../../../arm-none-eabi/lib/thumb/v7e-m+fp/hard\libc_nano.a(libc_a-fwalk.o)
                              C:/ST/STM32CubeIDE_1.13.1/STM32CubeIDE/plugins/com.st.stm32cube.ide.mcu.externaltools.gnu-tools-for-stm32.12.3.rel1.win32_1.0.100.202403111256/tools/bin/../lib/gcc/arm-none-eabi/12.3.1/../../../../arm-none-eabi/lib/thumb/v7e-m+fp/hard\libc_nano.a(libc_a-findfp.o) (_fwalk_sglue)
C:/ST/STM32CubeIDE_1.13.1/STM32CubeIDE/plugins/com.st.stm32cube.ide.mcu.externaltools.gnu-tools-for-stm32.12.3.rel1.win32_1.0.100.202403111256/tools/bin/../lib/gcc/arm-none-eabi/12.3.1/../../../../arm-none-eabi/lib/thumb/v7e-m+fp/hard\libc_nano.a(libc_a-stdio.o)
                              C:/ST/STM32CubeIDE_1.13.1/STM32CubeIDE/plugins/com.st.stm32cube.ide.mcu.externaltools.gnu-tools-for-stm32.12.3.rel1.win32_1.0.100.202403111256/tools/bin/../lib/gcc/arm-none-eabi/12.3.1/../../../../arm-none-eabi/lib/thumb/v7e-m+fp/hard\libc_nano.a(libc_a-findfp.o) (__sread)
C:/ST/STM32CubeIDE_1.13.1/STM32CubeIDE/plugins/com.st.stm32cube.ide.mcu.externaltools.gnu-tools-for-stm32.12.3.rel1.win32_1.0.100.202403111256/tools/bin/../lib/gcc/arm-none-eabi/12.3.1/../../../../arm-none-eabi/lib/thumb/v7e-m+fp/hard\libc_nano.a(libc_a-memset.o)
                              C:/ST/STM32CubeIDE_1.13.1/STM32CubeIDE/plugins/com.st.stm32cube.ide.mcu.externaltools.gnu-tools-for-stm32.12.3.rel1.win32_1.0.100.202403111256/tools/bin/../lib/gcc/arm-none-eabi/12.3.1/../../../../arm-none-eabi/lib/thumb/v7e-m+fp/hard/crt0.o (memset)
C:/ST/STM32CubeIDE_1.13.1/STM32CubeIDE/plugins/com.st.stm32cube.ide.mcu.externaltools.gnu-tools-for-stm32.12.3.rel1.win32_1.0.100.202403111256/tools/bin/../lib/gcc/arm-none-eabi/12.3.1/../../../../arm-none-eabi/lib/thumb/v7e-m+fp/hard\libc_nano.a(libc_a-closer.o)
                              C:/ST/STM32CubeIDE_1.13.1/STM32CubeIDE/plugins/com.st.stm32cube.ide.mcu.externaltools.gnu-tools-for-stm32.12.3.rel1.win32_1.0.100.202403111256/tools/bin/../lib/gcc/arm-none-eabi/12.3.1/../../../../arm-none-eabi/lib/thumb/v7e-m+fp/hard\libc_nano.a(libc_a-stdio.o) (_close_r)
C:/ST/STM32CubeIDE_1.13.1/STM32CubeIDE/plugins/com.st.stm32cube.ide.mcu.externaltools.gnu-tools-for-stm32.12.3.rel1.win32_1.0.100.202403111256/tools/bin/../lib/gcc/arm-none-eabi/12.3.1/../../../../arm-none-eabi/lib/thumb/v7e-m+fp/hard\libc_nano.a(libc_a-reent.o)
                              C:/ST/STM32CubeIDE_1.13.1/STM32CubeIDE/plugins/com.st.stm32cube.ide.mcu.externaltools.gnu-tools-for-stm32.12.3.rel1.win32_1.0.100.202403111256/tools/bin/../lib/gcc/arm-none-eabi/12.3.1/../../../../arm-none-eabi/lib/thumb/v7e-m+fp/hard\libc_nano.a(libc_a-closer.o) (errno)
C:/ST/STM32CubeIDE_1.13.1/STM32CubeIDE/plugins/com.st.stm32cube.ide.mcu.externaltools.gnu-tools-for-stm32.12.3.rel1.win32_1.0.100.202403111256/tools/bin/../lib/gcc/arm-none-eabi/12.3.1/../../../../arm-none-eabi/lib/thumb/v7e-m+fp/hard\libc_nano.a(libc_a-impure.o)
                              C:/ST/STM32CubeIDE_1.13.1/STM32CubeIDE/plugins/com.st.stm32cube.ide.mcu.externaltools.gnu-tools-for-stm32.12.3.rel1.win32_1.0.100.202403111256/tools/bin/../lib/gcc/arm-none-eabi/12.3.1/../../../../arm-none-eabi/lib/thumb/v7e-m+fp/hard\libc_nano.a(libc_a-reent.o) (_impure_ptr)
C:/ST/STM32CubeIDE_1.13.1/STM32CubeIDE/plugins/com.st.stm32cube.ide.mcu.externaltools.gnu-tools-for-stm32.12.3.rel1.win32_1.0.100.202403111256/tools/bin/../lib/gcc/arm-none-eabi/12.3.1/../../../../arm-none-eabi/lib/thumb/v7e-m+fp/hard\libc_nano.a(libc_a-lseekr.o)
[...]
Memory Configuration

Name             Origin             Length             Attributes
RAM              0x20000000         0x00020000         xrw
FLASH            0x08000000         0x00080000         xr
*default*        0x00000000         0xffffffff

Linker script and memory map

LOAD C:/ST/STM32CubeIDE_1.13.1/STM32CubeIDE/plugins/com.st.stm32cube.ide.mcu.externaltools.gnu-tools-for-stm32.12.3.rel1.win32_1.0.100.202403111256/tools/bin/../lib/gcc/arm-none-eabi/12.3.1/thumb/v7e-m+fp/hard/crti.o
LOAD C:/ST/STM32CubeIDE_1.13.1/STM32CubeIDE/plugins/com.st.stm32cube.ide.mcu.externaltools.gnu-tools-for-stm32.12.3.rel1.win32_1.0.100.202403111256/tools/bin/../lib/gcc/arm-none-eabi/12.3.1/thumb/v7e-m+fp/hard/crtbegin.o
LOAD C:/ST/STM32CubeIDE_1.13.1/STM32CubeIDE/plugins/com.st.stm32cube.ide.mcu.externaltools.gnu-tools-for-stm32.12.3.rel1.win32_1.0.100.202403111256/tools/bin/../lib/gcc/arm-none-eabi/12.3.1/../../../../arm-none-eabi/lib/thumb/v7e-m+fp/hard/crt0.o
LOAD ./Core/Src/main.o
LOAD ./Core/Src/stm32f4xx_hal_msp.o
LOAD ./Core/Src/stm32f4xx_it.o
LOAD ./Core/Src/syscalls.o
LOAD ./Core/Src/sysmem.o
LOAD ./Core/Src/system_stm32f4xx.o
LOAD ./Core/Startup/startup_stm32f446zetx.o
LOAD ./Drivers/STM32F4xx_HAL_Driver/Src/stm32f4xx_hal.o
LOAD ./Drivers/STM32F4xx_HAL_Driver/Src/stm32f4xx_hal_cortex.o
LOAD ./Drivers/STM32F4xx_HAL_Driver/Src/stm32f4xx_hal_dma.o
LOAD ./Drivers/STM32F4xx_HAL_Driver/Src/stm32f4xx_hal_dma_ex.o
LOAD ./Drivers/STM32F4xx_HAL_Driver/Src/stm32f4xx_hal_exti.o
LOAD ./Drivers/STM32F4xx_HAL_Driver/Src/stm32f4xx_hal_flash.o
LOAD ./Drivers/STM32F4xx_HAL_Driver/Src/stm32f4xx_hal_flash_ex.o
LOAD ./Drivers/STM32F4xx_HAL_Driver/Src/stm32f4xx_hal_flash_ramfunc.o
LOAD ./Drivers/STM32F4xx_HAL_Driver/Src/stm32f4xx_hal_gpio.o
LOAD ./Drivers/STM32F4xx_HAL_Driver/Src/stm32f4xx_hal_pcd.o
LOAD ./Drivers/STM32F4xx_HAL_Driver/Src/stm32f4xx_hal_pcd_ex.o
LOAD ./Drivers/STM32F4xx_HAL_Driver/Src/stm32f4xx_hal_pwr.o
LOAD ./Drivers/STM32F4xx_HAL_Driver/Src/stm32f4xx_hal_pwr_ex.o
LOAD ./Drivers/STM32F4xx_HAL_Driver/Src/stm32f4xx_hal_rcc.o
LOAD ./Drivers/STM32F4xx_HAL_Driver/Src/stm32f4xx_hal_rcc_ex.o
LOAD ./Drivers/STM32F4xx_HAL_Driver/Src/stm32f4xx_hal_tim.o
LOAD ./Drivers/STM32F4xx_HAL_Driver/Src/stm32f4xx_hal_tim_ex.o
LOAD ./Drivers/STM32F4xx_HAL_Driver/Src/stm32f4xx_ll_usb.o
LOAD ./Middlewares/ST/STM32_USB_Device_Library/Class/CustomHID/Src/usbd_customhid.o
LOAD ./Middlewares/ST/STM32_USB_Device_Library/Core/Src/usbd_core.o
LOAD ./Middlewares/ST/STM32_USB_Device_Library/Core/Src/usbd_ctlreq.o
LOAD ./Middlewares/ST/STM32_USB_Device_Library/Core/Src/usbd_ioreq.o
LOAD ./USB_DEVICE/App/usb_device.o
LOAD ./USB_DEVICE/App/usbd_custom_hid_if.o
LOAD ./USB_DEVICE/App/usbd_desc.o
LOAD ./USB_DEVICE/Target/usbd_conf.o
START GROUP
LOAD C:/ST/STM32CubeIDE_1.13.1/STM32CubeIDE/plugins/com.st.stm32cube.ide.mcu.externaltools.gnu-tools-for-stm32.12.3.rel1.win32_1.0.100.202403111256/tools/bin/../lib/gcc/arm-none-eabi/12.3.1/../../../../arm-none-eabi/lib/thumb/v7e-m+fp/hard\libc_nano.a
LOAD C:/ST/STM32CubeIDE_1.13.1/STM32CubeIDE/plugins/com.st.stm32cube.ide.mcu.externaltools.gnu-tools-for-stm32.12.3.rel1.win32_1.0.100.202403111256/tools/bin/../lib/gcc/arm-none-eabi/12.3.1/../../../../arm-none-eabi/lib/thumb/v7e-m+fp/hard\libm.a
END GROUP
START GROUP
LOAD C:/ST/STM32CubeIDE_1.13.1/STM32CubeIDE/plugins/com.st.stm32cube.ide.mcu.externaltools.gnu-tools-for-stm32.12.3.rel1.win32_1.0.100.202403111256/tools/bin/../lib/gcc/arm-none-eabi/12.3.1/thumb/v7e-m+fp/hard\libgcc.a
LOAD C:/ST/STM32CubeIDE_1.13.1/STM32CubeIDE/plugins/com.st.stm32cube.ide.mcu.externaltools.gnu-tools-for-stm32.12.3.rel1.win32_1.0.100.202403111256/tools/bin/../lib/gcc/arm-none-eabi/12.3.1/../../../../arm-none-eabi/lib/thumb/v7e-m+fp/hard\libc_nano.a
END GROUP
START GROUP
LOAD C:/ST/STM32CubeIDE_1.13.1/STM32CubeIDE/plugins/com.st.stm32cube.ide.mcu.externaltools.gnu-tools-for-stm32.12.3.rel1.win32_1.0.100.202403111256/tools/bin/../lib/gcc/arm-none-eabi/12.3.1/thumb/v7e-m+fp/hard\libgcc.a
LOAD C:/ST/STM32CubeIDE_1.13.1/STM32CubeIDE/plugins/com.st.stm32cube.ide.mcu.externaltools.gnu-tools-for-stm32.12.3.rel1.win32_1.0.100.202403111256/tools/bin/../lib/gcc/arm-none-eabi/12.3.1/../../../../arm-none-eabi/lib/thumb/v7e-m+fp/hard\libc_nano.a
LOAD C:/ST/STM32CubeIDE_1.13.1/STM32CubeIDE/plugins/com.st.stm32cube.ide.mcu.externaltools.gnu-tools-for-stm32.12.3.rel1.win32_1.0.100.202403111256/tools/bin/../lib/gcc/arm-none-eabi/12.3.1/../../../../arm-none-eabi/lib/thumb/v7e-m+fp/hard\libnosys.a
END GROUP
START GROUP
LOAD C:/ST/STM32CubeIDE_1.13.1/STM32CubeIDE/plugins/com.st.stm32cube.ide.mcu.externaltools.gnu-tools-for-stm32.12.3.rel1.win32_1.0.100.202403111256/tools/bin/../lib/gcc/arm-none-eabi/12.3.1/thumb/v7e-m+fp/hard\libgcc.a
LOAD C:/ST/STM32CubeIDE_1.13.1/STM32CubeIDE/plugins/com.st.stm32cube.ide.mcu.externaltools.gnu-tools-for-stm32.12.3.rel1.win32_1.0.100.202403111256/tools/bin/../lib/gcc/arm-none-eabi/12.3.1/../../../../arm-none-eabi/lib/thumb/v7e-m+fp/hard\libc_nano.a
LOAD C:/ST/STM32CubeIDE_1.13.1/STM32CubeIDE/plugins/com.st.stm32cube.ide.mcu.externaltools.gnu-tools-for-stm32.12.3.rel1.win32_1.0.100.202403111256/tools/bin/../lib/gcc/arm-none-eabi/12.3.1/../../../../arm-none-eabi/lib/thumb/v7e-m+fp/hard\libnosys.a
END GROUP
LOAD C:/ST/STM32CubeIDE_1.13.1/STM32CubeIDE/plugins/com.st.stm32cube.ide.mcu.externaltools.gnu-tools-for-stm32.12.3.rel1.win32_1.0.100.202403111256/tools/bin/../lib/gcc/arm-none-eabi/12.3.1/thumb/v7e-m+fp/hard/crtend.o
LOAD C:/ST/STM32CubeIDE_1.13.1/STM32CubeIDE/plugins/com.st.stm32cube.ide.mcu.externaltools.gnu-tools-for-stm32.12.3.rel1.win32_1.0.100.202403111256/tools/bin/../lib/gcc/arm-none-eabi/12.3.1/thumb/v7e-m+fp/hard/crtn.o
                0x20020000                        _estack = (ORIGIN (RAM) + LENGTH (RAM))
                0x00000200                        _Min_Heap_Size = 0x200
                0x00000400                        _Min_Stack_Size = 0x400

.isr_vector     0x08000000      0x1c4
                0x08000000                        . = ALIGN (0x4)
 *(.isr_vector)
 .isr_vector    0x08000000      0x1c4 ./Core/Startup/startup_stm32f446zetx.o
                0x08000000                g_pfnVectors
                0x080001c4                        . = ALIGN (0x4)

.text           0x080001c4     0x773c
                0x080001c4                        . = ALIGN (0x4)
 *(.text)
 .text          0x080001c4       0x40 C:/ST/STM32CubeIDE_1.13.1/STM32CubeIDE/plugins/com.st.stm32cube.ide.mcu.externaltools.gnu-tools-for-stm32.12.3.rel1.win32_1.0.100.202403111256/tools/bin/../lib/gcc/arm-none-eabi/12.3.1/thumb/v7e-m+fp/hard/crtbegin.o
 .text          0x08000204       0x30 C:/ST/STM32CubeIDE_1.13.1/STM32CubeIDE/plugins/com.st.stm32cube.ide.mcu.externaltools.gnu-tools-for-stm32.12.3.rel1.win32_1.0.100.202403111256/tools/bin/../lib/gcc/arm-none-eabi/12.3.1/thumb/v7e-m+fp/hard\libgcc.a(_aeabi_uldivmod.o)
                0x08000204                __aeabi_uldivmod
 .text          0x08000234      0x2bc C:/ST/STM32CubeIDE_1.13.1/STM32CubeIDE/plugins/com.st.stm32cube.ide.mcu.externaltools.gnu-tools-for-stm32.12.3.rel1.win32_1.0.100.202403111256/tools/bin/../lib/gcc/arm-none-eabi/12.3.1/thumb/v7e-m+fp/hard\libgcc.a(_udivmoddi4.o)
                0x08000234                __udivmoddi4
 .text          0x080004f0        0x4 C:/ST/STM32CubeIDE_1.13.1/STM32CubeIDE/plugins/com.st.stm32cube.ide.mcu.externaltools.gnu-tools-for-stm32.12.3.rel1.win32_1.0.100.202403111256/tools/bin/../lib/gcc/arm-none-eabi/12.3.1/thumb/v7e-m+fp/hard\libgcc.a(_dvmd_tls.o)
                0x080004f0                __aeabi_idiv0
                0x080004f0                __aeabi_ldiv0
 *(.text*)
 .text.main     0x080004f4       0x98 ./Core/Src/main.o
                0x080004f4                main
 .text.SystemClock_Config
                0x0800058c       0xd8 ./Core/Src/main.o
                0x0800058c                SystemClock_Config
 .text.MX_GPIO_Init
                0x08000664       0xdc ./Core/Src/main.o
 .text.move     0x08000740       0xb2 ./Core/Src/main.o
                0x08000740                move
 .text.rclick   0x080007f2       0x3a ./Core/Src/main.o
                0x080007f2                rclick
 .text.Error_Handler
                0x0800082c        0xc ./Core/Src/main.o
                0x0800082c                Error_Handler
 .text.HAL_MspInit
                0x08000838       0x50 ./Core/Src/stm32f4xx_hal_msp.o
                0x08000838                HAL_MspInit
 .text.NMI_Handler
                0x08000888        0x8 ./Core/Src/stm32f4xx_it.o
                0x08000888                NMI_Handler
 .text.HardFault_Handler
                0x08000890        0x8 ./Core/Src/stm32f4xx_it.o
                0x08000890                HardFault_Handler
 .text.MemManage_Handler
                0x08000898        0x8 ./Core/Src/stm32f4xx_it.o
                0x08000898                MemManage_Handler
 .text.BusFault_Handler
                0x080008a0        0x8 ./Core/Src/stm32f4xx_it.o
                0x080008a0                BusFault_Handler
 .text.UsageFault_Handler
                0x080008a8        0x8 ./Core/Src/stm32f4xx_it.o
                0x080008a8                UsageFault_Handler
 .text.SVC_Handler
                0x080008b0        0xe ./Core/Src/stm32f4xx_it.o
                0x080008b0                SVC_Handler
 .text.DebugMon_Handler
                0x080008be        0xe ./Core/Src/stm32f4xx_it.o
                0x080008be                DebugMon_Handler
 .text.PendSV_Handler
                0x080008cc        0xe ./Core/Src/stm32f4xx_it.o
                0x080008cc                PendSV_Handler
 .text.SysTick_Handler
                0x080008da        0xc ./Core/Src/stm32f4xx_it.o
                0x080008da                SysTick_Handler
 *fill*         0x080008e6        0x2 
 .text.OTG_FS_IRQHandler
                0x080008e8       0x14 ./Core/Src/stm32f4xx_it.o
                0x080008e8                OTG_FS_IRQHandler
 .text.SystemInit
                0x080008fc       0x24 ./Core/Src/system_stm32f4xx.o
                0x080008fc                SystemInit
 .text.Reset_Handler
                0x08000920       0x50 ./Core/Startup/startup_stm32f446zetx.o
                0x08000920                Reset_Handler
 .text.Default_Handler
                0x08000970        0x2 ./Core/Startup/startup_stm32f446zetx.o
                0x08000970                RTC_Alarm_IRQHandler
                0x08000970                EXTI2_IRQHandler
                0x08000970                TIM8_CC_IRQHandler
                0x08000970                FMPI2C1_EV_IRQHandler
                0x08000970                SPI4_IRQHandler
                0x08000970                TIM1_CC_IRQHandler
                0x08000970                DMA2_Stream5_IRQHandler
                0x08000970                DMA1_Stream5_IRQHandler
                0x08000970                PVD_IRQHandler
                0x08000970                SDIO_IRQHandler
                0x08000970                TAMP_STAMP_IRQHandler
                0x08000970                CAN2_RX1_IRQHandler
                0x08000970                EXTI3_IRQHandler
                0x08000970                TIM8_TRG_COM_TIM14_IRQHandler
                0x08000970                TIM1_UP_TIM10_IRQHandler
                0x08000970                TIM8_UP_TIM13_IRQHandler
                0x08000970                I2C3_ER_IRQHandler
                0x08000970                EXTI0_IRQHandler
                0x08000970                I2C2_EV_IRQHandler
                0x08000970                DMA1_Stream2_IRQHandler
                0x08000970                CAN1_RX0_IRQHandler
                0x08000970                FPU_IRQHandler
                0x08000970                OTG_HS_WKUP_IRQHandler
                0x08000970                CAN2_SCE_IRQHandler
                0x08000970                DMA2_Stream2_IRQHandler
                0x08000970                SPI1_IRQHandler
                0x08000970                TIM6_DAC_IRQHandler
                0x08000970                TIM1_BRK_TIM9_IRQHandler
                0x08000970                DCMI_IRQHandler
                0x08000970                CAN2_RX0_IRQHandler
                0x08000970                DMA2_Stream3_IRQHandler
                0x08000970                SAI2_IRQHandler
                0x08000970                USART6_IRQHandler
                0x08000970                USART3_IRQHandler
                0x08000970                CAN1_RX1_IRQHandler
                0x08000970                UART5_IRQHandler
                0x08000970                DMA2_Stream0_IRQHandler
                0x08000970                TIM4_IRQHandler
                0x08000970                QUADSPI_IRQHandler
                0x08000970                I2C1_EV_IRQHandler
                0x08000970                DMA1_Stream6_IRQHandler
                0x08000970                DMA1_Stream1_IRQHandler
                0x08000970                UART4_IRQHandler
                0x08000970                TIM3_IRQHandler
                0x08000970                RCC_IRQHandler
                0x08000970                TIM8_BRK_TIM12_IRQHandler
                0x08000970                Default_Handler
                0x08000970                CEC_IRQHandler
                0x08000970                EXTI15_10_IRQHandler
                0x08000970                ADC_IRQHandler
                0x08000970                DMA1_Stream7_IRQHandler
                0x08000970                TIM7_IRQHandler
                0x08000970                CAN2_TX_IRQHandler
                0x08000970                TIM5_IRQHandler
                0x08000970                DMA2_Stream7_IRQHandler
                0x08000970                I2C3_EV_IRQHandler
                0x08000970                EXTI9_5_IRQHandler
                0x08000970                RTC_WKUP_IRQHandler
                0x08000970                SPDIF_RX_IRQHandler
                0x08000970                SPI2_IRQHandler
                0x08000970                OTG_HS_EP1_IN_IRQHandler
                0x08000970                DMA1_Stream0_IRQHandler
                0x08000970                CAN1_TX_IRQHandler
                0x08000970                FMPI2C1_ER_IRQHandler
                0x08000970                EXTI4_IRQHandler
                0x08000970                OTG_HS_EP1_OUT_IRQHandler
                0x08000970                WWDG_IRQHandler
                0x08000970                TIM2_IRQHandler
                0x08000970                OTG_FS_WKUP_IRQHandler
                0x08000970                TIM1_TRG_COM_TIM11_IRQHandler
                0x08000970                OTG_HS_IRQHandler
                0x08000970                EXTI1_IRQHandler
                0x08000970                USART2_IRQHandler
                0x08000970                I2C2_ER_IRQHandler
                0x08000970                DMA2_Stream1_IRQHandler
                0x08000970                CAN1_SCE_IRQHandler
                0x08000970                FLASH_IRQHandler
                0x08000970                DMA2_Stream4_IRQHandler
                0x08000970                USART1_IRQHandler
                0x08000970                SPI3_IRQHandler
                0x08000970                DMA1_Stream4_IRQHandler
                0x08000970                I2C1_ER_IRQHandler
                0x08000970                FMC_IRQHandler
                0x08000970                DMA2_Stream6_IRQHandler
                0x08000970                SAI1_IRQHandler
                0x08000970                DMA1_Stream3_IRQHandler
 *fill*         0x08000972        0x2 
 .text.HAL_Init
                0x08000974       0x44 ./Drivers/STM32F4xx_HAL_Driver/Src/stm32f4xx_hal.o
                0x08000974                HAL_Init
 .text.HAL_InitTick
                0x080009b8       0x60 ./Drivers/STM32F4xx_HAL_Driver/Src/stm32f4xx_hal.o
                0x080009b8                HAL_InitTick
 .text.HAL_IncTick
                0x08000a18       0x28 ./Drivers/STM32F4xx_HAL_Driver/Src/stm32f4xx_hal.o
                0x08000a18                HAL_IncTick
 .text.HAL_GetTick
                0x08000a40       0x18 ./Drivers/STM32F4xx_HAL_Driver/Src/stm32f4xx_hal.o
                0x08000a40                HAL_GetTick
 .text.HAL_Delay
                0x08000a58       0x48 ./Drivers/STM32F4xx_HAL_Driver/Src/stm32f4xx_hal.o
                0x08000a58                HAL_Delay
 .text.__NVIC_SetPriorityGrouping
                0x08000aa0       0x48 ./Drivers/STM32F4xx_HAL_Driver/Src/stm32f4xx_hal_cortex.o
 .text.__NVIC_GetPriorityGrouping
                0x08000ae8       0x1c ./Drivers/STM32F4xx_HAL_Driver/Src/stm32f4xx_hal_cortex.o
 .text.__NVIC_EnableIRQ
                0x08000b04       0x3c ./Drivers/STM32F4xx_HAL_Driver/Src/stm32f4xx_hal_cortex.o
 .text.__NVIC_SetPriority
                0x08000b40       0x54 ./Drivers/STM32F4xx_HAL_Driver/Src/stm32f4xx_hal_cortex.o
 .text.NVIC_EncodePriority
                0x08000b94       0x66 ./Drivers/STM32F4xx_HAL_Driver/Src/stm32f4xx_hal_cortex.o
 *fill*         0x08000bfa        0x2 
 .text.SysTick_Config
                0x08000bfc       0x44 ./Drivers/STM32F4xx_HAL_Driver/Src/stm32f4xx_hal_cortex.o
 .text.HAL_NVIC_SetPriorityGrouping
                0x08000c40       0x16 ./Drivers/STM32F4xx_HAL_Driver/Src/stm32f4xx_hal_cortex.o
                0x08000c40                HAL_NVIC_SetPriorityGrouping
 .text.HAL_NVIC_SetPriority
                0x08000c56       0x38 ./Drivers/STM32F4xx_HAL_Driver/Src/stm32f4xx_hal_cortex.o
                0x08000c56                HAL_NVIC_SetPriority
 .text.HAL_NVIC_EnableIRQ
                0x08000c8e       0x1c ./Drivers/STM32F4xx_HAL_Driver/Src/stm32f4xx_hal_cortex.o
                0x08000c8e                HAL_NVIC_EnableIRQ
 .text.HAL_SYSTICK_Config
                0x08000caa       0x18 ./Drivers/STM32F4xx_HAL_Driver/Src/stm32f4xx_hal_cortex.o
                0x08000caa                HAL_SYSTICK_Config
 *fill*         0x08000cc2        0x2 
 .text.HAL_GPIO_Init
                0x08000cc4      0x328 ./Drivers/STM32F4xx_HAL_Driver/Src/stm32f4xx_hal_gpio.o
                0x08000cc4                HAL_GPIO_Init
 .text.HAL_GPIO_ReadPin
                0x08000fec       0x30 ./Drivers/STM32F4xx_HAL_Driver/Src/stm32f4xx_hal_gpio.o
                0x08000fec                HAL_GPIO_ReadPin
 .text.HAL_GPIO_WritePin
                0x0800101c       0x32 ./Drivers/STM32F4xx_HAL_Driver/Src/stm32f4xx_hal_gpio.o
                0x0800101c                HAL_GPIO_WritePin
 .text.HAL_PCD_Init
                0x0800104e      0x22c ./Drivers/STM32F4xx_HAL_Driver/Src/stm32f4xx_hal_pcd.o
                0x0800104e                HAL_PCD_Init
 .text.HAL_PCD_Start
                0x0800127a       0x6a ./Drivers/STM32F4xx_HAL_Driver/Src/stm32f4xx_hal_pcd.o
                0x0800127a                HAL_PCD_Start
 .text.HAL_PCD_IRQHandler
                0x080012e4      0x99c ./Drivers/STM32F4xx_HAL_Driver/Src/stm32f4xx_hal_pcd.o
                0x080012e4                HAL_PCD_IRQHandler
 .text.HAL_PCD_SetAddress
                0x08001c80       0x48 ./Drivers/STM32F4xx_HAL_Driver/Src/stm32f4xx_hal_pcd.o
                0x08001c80                HAL_PCD_SetAddress
 .text.HAL_PCD_EP_Open
                0x08001cc8       0xd0 ./Drivers/STM32F4xx_HAL_Driver/Src/stm32f4xx_hal_pcd.o
                0x08001cc8                HAL_PCD_EP_Open
 .text.HAL_PCD_EP_Close
                0x08001d98       0x94 ./Drivers/STM32F4xx_HAL_Driver/Src/stm32f4xx_hal_pcd.o
                0x08001d98                HAL_PCD_EP_Close
 .text.HAL_PCD_EP_Receive
                0x08001e2c       0x76 ./Drivers/STM32F4xx_HAL_Driver/Src/stm32f4xx_hal_pcd.o
                0x08001e2c                HAL_PCD_EP_Receive
 .text.HAL_PCD_EP_Transmit
                0x08001ea2       0x74 ./Drivers/STM32F4xx_HAL_Driver/Src/stm32f4xx_hal_pcd.o
                0x08001ea2                HAL_PCD_EP_Transmit
 .text.HAL_PCD_EP_SetStall
                0x08001f16       0xc6 ./Drivers/STM32F4xx_HAL_Driver/Src/stm32f4xx_hal_pcd.o
                0x08001f16                HAL_PCD_EP_SetStall
 .text.HAL_PCD_EP_ClrStall
                0x08001fdc       0xac ./Drivers/STM32F4xx_HAL_Driver/Src/stm32f4xx_hal_pcd.o
                0x08001fdc                HAL_PCD_EP_ClrStall
 .text.HAL_PCD_EP_Abort
                0x08002088       0x62 ./Drivers/STM32F4xx_HAL_Driver/Src/stm32f4xx_hal_pcd.o
                0x08002088                HAL_PCD_EP_Abort
 .text.PCD_WriteEmptyTxFifo
                0x080020ea      0x118 ./Drivers/STM32F4xx_HAL_Driver/Src/stm32f4xx_hal_pcd.o
 *fill*         0x08002202        0x2 
 .text.PCD_EP_OutXfrComplete_int
                0x08002204      0x1d0 ./Drivers/STM32F4xx_HAL_Driver/Src/stm32f4xx_hal_pcd.o
 .text.PCD_EP_OutSetupPacket_int
                0x080023d4       0x8c ./Drivers/STM32F4xx_HAL_Driver/Src/stm32f4xx_hal_pcd.o
 .text.HAL_PCDEx_SetTxFiFo
                0x08002460       0x8e ./Drivers/STM32F4xx_HAL_Driver/Src/stm32f4xx_hal_pcd_ex.o
                0x08002460                HAL_PCDEx_SetTxFiFo
 .text.HAL_PCDEx_SetRxFiFo
                0x080024ee       0x22 ./Drivers/STM32F4xx_HAL_Driver/Src/stm32f4xx_hal_pcd_ex.o
                0x080024ee                HAL_PCDEx_SetRxFiFo
 .text.HAL_PCDEx_ActivateLPM
                0x08002510       0x48 ./Drivers/STM32F4xx_HAL_Driver/Src/stm32f4xx_hal_pcd_ex.o
                0x08002510                HAL_PCDEx_ActivateLPM
 .text.HAL_RCC_ClockConfig
                0x08002558      0x1cc ./Drivers/STM32F4xx_HAL_Driver/Src/stm32f4xx_hal_rcc.o
                0x08002558                HAL_RCC_ClockConfig
 .text.HAL_RCC_GetHCLKFreq
                0x08002724       0x18 ./Drivers/STM32F4xx_HAL_Driver/Src/stm32f4xx_hal_rcc.o
                0x08002724                HAL_RCC_GetHCLKFreq
 .text.HAL_RCCEx_PeriphCLKConfig
                0x0800273c      0x654 ./Drivers/STM32F4xx_HAL_Driver/Src/stm32f4xx_hal_rcc_ex.o
                0x0800273c                HAL_RCCEx_PeriphCLKConfig
 .text.HAL_RCC_GetSysClockFreq
                0x08002d90      0x460 ./Drivers/STM32F4xx_HAL_Driver/Src/stm32f4xx_hal_rcc_ex.o
                0x08002d90                HAL_RCC_GetSysClockFreq
 .text.HAL_RCC_OscConfig
                0x080031f0      0x53c ./Drivers/STM32F4xx_HAL_Driver/Src/stm32f4xx_hal_rcc_ex.o
                0x080031f0                HAL_RCC_OscConfig
 .text.USB_CoreInit
                0x0800372c       0xc8 ./Drivers/STM32F4xx_HAL_Driver/Src/stm32f4xx_ll_usb.o
                0x0800372c                USB_CoreInit
 .text.USB_SetTurnaroundTime
                0x080037f4      0x144 ./Drivers/STM32F4xx_HAL_Driver/Src/stm32f4xx_ll_usb.o
                0x080037f4                USB_SetTurnaroundTime
 .text.USB_EnableGlobalInt
                0x08003938       0x22 ./Drivers/STM32F4xx_HAL_Driver/Src/stm32f4xx_ll_usb.o
                0x08003938                USB_EnableGlobalInt
 .text.USB_DisableGlobalInt
                0x0800395a       0x22 ./Drivers/STM32F4xx_HAL_Driver/Src/stm32f4xx_ll_usb.o
                0x0800395a                USB_DisableGlobalInt
 .text.USB_SetCurrentMode
                0x0800397c       0x98 ./Drivers/STM32F4xx_HAL_Driver/Src/stm32f4xx_ll_usb.o
                0x0800397c                USB_SetCurrentMode
 .text.USB_DevInit
                0x08003a14      0x2bc ./Drivers/STM32F4xx_HAL_Driver/Src/stm32f4xx_ll_usb.o
                0x08003a14                USB_DevInit
 .text.USB_FlushTxFifo
                0x08003cd0       0x64 ./Drivers/STM32F4xx_HAL_Driver/Src/stm32f4xx_ll_usb.o
                0x08003cd0                USB_FlushTxFifo
 .text.USB_FlushRxFifo
                0x08003d34       0x5c ./Drivers/STM32F4xx_HAL_Driver/Src/stm32f4xx_ll_usb.o
                0x08003d34                USB_FlushRxFifo
 .text.USB_SetDevSpeed
                0x08003d90       0x32 ./Drivers/STM32F4xx_HAL_Driver/Src/stm32f4xx_ll_usb.o
                0x08003d90                USB_SetDevSpeed
 .text.USB_GetDevSpeed
                0x08003dc2       0x4a ./Drivers/STM32F4xx_HAL_Driver/Src/stm32f4xx_ll_usb.o
                0x08003dc2                USB_GetDevSpeed
 .text.USB_ActivateEndpoint
                0x08003e0c      0x10e ./Drivers/STM32F4xx_HAL_Driver/Src/stm32f4xx_ll_usb.o
                0x08003e0c                USB_ActivateEndpoint
 *fill*         0x08003f1a        0x2 
 .text.USB_DeactivateEndpoint
                0x08003f1c      0x1b8 ./Drivers/STM32F4xx_HAL_Driver/Src/stm32f4xx_ll_usb.o
                0x08003f1c                USB_DeactivateEndpoint
 .text.USB_EPStartXfer
                0x080040d4      0x530 ./Drivers/STM32F4xx_HAL_Driver/Src/stm32f4xx_ll_usb.o
                0x080040d4                USB_EPStartXfer
 .text.USB_EPStopXfer
                0x08004604      0x154 ./Drivers/STM32F4xx_HAL_Driver/Src/stm32f4xx_ll_usb.o
                0x08004604                USB_EPStopXfer
 .text.USB_WritePacket
                0x08004758       0x7c ./Drivers/STM32F4xx_HAL_Driver/Src/stm32f4xx_ll_usb.o
                0x08004758                USB_WritePacket
 .text.USB_ReadPacket
                0x080047d4       0xb0 ./Drivers/STM32F4xx_HAL_Driver/Src/stm32f4xx_ll_usb.o
                0x080047d4                USB_ReadPacket
 .text.USB_EPSetStall
                0x08004884       0xdc ./Drivers/STM32F4xx_HAL_Driver/Src/stm32f4xx_ll_usb.o
                0x08004884                USB_EPSetStall
 .text.USB_EPClearStall
                0x08004960       0xcc ./Drivers/STM32F4xx_HAL_Driver/Src/stm32f4xx_ll_usb.o
                0x08004960                USB_EPClearStall
 .text.USB_SetDevAddress
                0x08004a2c       0x4c ./Drivers/STM32F4xx_HAL_Driver/Src/stm32f4xx_ll_usb.o
                0x08004a2c                USB_SetDevAddress
 .text.USB_DevConnect
                0x08004a78       0x42 ./Drivers/STM32F4xx_HAL_Driver/Src/stm32f4xx_ll_usb.o
                0x08004a78                USB_DevConnect
 .text.USB_DevDisconnect
                0x08004aba       0x42 ./Drivers/STM32F4xx_HAL_Driver/Src/stm32f4xx_ll_usb.o
                0x08004aba                USB_DevDisconnect
 .text.USB_ReadInterrupts
                0x08004afc       0x26 ./Drivers/STM32F4xx_HAL_Driver/Src/stm32f4xx_ll_usb.o
                0x08004afc                USB_ReadInterrupts
 .text.USB_ReadDevAllOutEpInterrupt
                0x08004b22       0x34 ./Drivers/STM32F4xx_HAL_Driver/Src/stm32f4xx_ll_usb.o
                0x08004b22                USB_ReadDevAllOutEpInterrupt
 .text.USB_ReadDevAllInEpInterrupt
                0x08004b56       0x34 ./Drivers/STM32F4xx_HAL_Driver/Src/stm32f4xx_ll_usb.o
                0x08004b56                USB_ReadDevAllInEpInterrupt
 .text.USB_ReadDevOutEPInterrupt
                0x08004b8a       0x3c ./Drivers/STM32F4xx_HAL_Driver/Src/stm32f4xx_ll_usb.o
                0x08004b8a                USB_ReadDevOutEPInterrupt
 .text.USB_ReadDevInEPInterrupt
                0x08004bc6       0x5c ./Drivers/STM32F4xx_HAL_Driver/Src/stm32f4xx_ll_usb.o
                0x08004bc6                USB_ReadDevInEPInterrupt
 .text.USB_GetMode
                0x08004c22       0x1c ./Drivers/STM32F4xx_HAL_Driver/Src/stm32f4xx_ll_usb.o
                0x08004c22                USB_GetMode
 .text.USB_ActivateSetup
                0x08004c3e       0x46 ./Drivers/STM32F4xx_HAL_Driver/Src/stm32f4xx_ll_usb.o
                0x08004c3e                USB_ActivateSetup
 .text.USB_EP0_OutStart
                0x08004c84       0xbc ./Drivers/STM32F4xx_HAL_Driver/Src/stm32f4xx_ll_usb.o
                0x08004c84                USB_EP0_OutStart
 .text.USB_CoreReset
                0x08004d40       0x62 ./Drivers/STM32F4xx_HAL_Driver/Src/stm32f4xx_ll_usb.o
 *fill*         0x08004da2        0x2 
 .text.USBD_CUSTOM_HID_Init
                0x08004da4      0x154 ./Middlewares/ST/STM32_USB_Device_Library/Class/CustomHID/Src/usbd_customhid.o
 .text.USBD_CUSTOM_HID_DeInit
                0x08004ef8       0xf4 ./Middlewares/ST/STM32_USB_Device_Library/Class/CustomHID/Src/usbd_customhid.o
 .text.USBD_CUSTOM_HID_Setup
                0x08004fec      0x298 ./Middlewares/ST/STM32_USB_Device_Library/Class/CustomHID/Src/usbd_customhid.o
 .text.USBD_CUSTOM_HID_SendReport
                0x08005284       0x64 ./Middlewares/ST/STM32_USB_Device_Library/Class/CustomHID/Src/usbd_customhid.o
                0x08005284                USBD_CUSTOM_HID_SendReport
 .text.USBD_CUSTOM_HID_GetFSCfgDesc
                0x080052e8       0x64 ./Middlewares/ST/STM32_USB_Device_Library/Class/CustomHID/Src/usbd_customhid.o
 .text.USBD_CUSTOM_HID_GetHSCfgDesc
                0x0800534c       0x64 ./Middlewares/ST/STM32_USB_Device_Library/Class/CustomHID/Src/usbd_customhid.o
 .text.USBD_CUSTOM_HID_GetOtherSpeedCfgDesc
                0x080053b0       0x64 ./Middlewares/ST/STM32_USB_Device_Library/Class/CustomHID/Src/usbd_customhid.o
 .text.USBD_CUSTOM_HID_DataIn
                0x08005414       0x2c ./Middlewares/ST/STM32_USB_Device_Library/Class/CustomHID/Src/usbd_customhid.o
 .text.USBD_CUSTOM_HID_DataOut
                0x08005440       0x5a ./Middlewares/ST/STM32_USB_Device_Library/Class/CustomHID/Src/usbd_customhid.o
 *fill*         0x0800549a        0x2 
 .text.USBD_CUSTOM_HID_ReceivePacket
                0x0800549c       0x4c ./Middlewares/ST/STM32_USB_Device_Library/Class/CustomHID/Src/usbd_customhid.o
                0x0800549c                USBD_CUSTOM_HID_ReceivePacket
 .text.USBD_CUSTOM_HID_EP0_RxReady
                0x080054e8       0x58 ./Middlewares/ST/STM32_USB_Device_Library/Class/CustomHID/Src/usbd_customhid.o
 .text.USBD_CUSTOM_HID_GetDeviceQualifierDesc
                0x08005540       0x20 ./Middlewares/ST/STM32_USB_Device_Library/Class/CustomHID/Src/usbd_customhid.o
 .text.USBD_CUSTOM_HID_RegisterInterface
                0x08005560       0x34 ./Middlewares/ST/STM32_USB_Device_Library/Class/CustomHID/Src/usbd_customhid.o
                0x08005560                USBD_CUSTOM_HID_RegisterInterface
 .text.USBD_Init
                0x08005594       0x60 ./Middlewares/ST/STM32_USB_Device_Library/Core/Src/usbd_core.o
                0x08005594                USBD_Init
 .text.USBD_RegisterClass
                0x080055f4       0x6c ./Middlewares/ST/STM32_USB_Device_Library/Core/Src/usbd_core.o
                0x080055f4                USBD_RegisterClass
 .text.USBD_Start
                0x08005660       0x18 ./Middlewares/ST/STM32_USB_Device_Library/Core/Src/usbd_core.o
                0x08005660                USBD_Start
 .text.USBD_RunTestMode
                0x08005678       0x16 ./Middlewares/ST/STM32_USB_Device_Library/Core/Src/usbd_core.o
                0x08005678                USBD_RunTestMode
 .text.USBD_SetClassConfig
                0x0800568e       0x38 ./Middlewares/ST/STM32_USB_Device_Library/Core/Src/usbd_core.o
                0x0800568e                USBD_SetClassConfig
 .text.USBD_ClrClassConfig
                0x080056c6       0x34 ./Middlewares/ST/STM32_USB_Device_Library/Core/Src/usbd_core.o
                0x080056c6                USBD_ClrClassConfig
 .text.USBD_LL_SetupStage
                0x080056fa       0xaa ./Middlewares/ST/STM32_USB_Device_Library/Core/Src/usbd_core.o
                0x080056fa                USBD_LL_SetupStage
 .text.USBD_LL_DataOutStage
                0x080057a4      0x166 ./Middlewares/ST/STM32_USB_Device_Library/Core/Src/usbd_core.o
                0x080057a4                USBD_LL_DataOutStage
 .text.USBD_LL_DataInStage
                0x0800590a      0x164 ./Middlewares/ST/STM32_USB_Device_Library/Core/Src/usbd_core.o
                0x0800590a                USBD_LL_DataInStage
 .text.USBD_LL_Reset
                0x08005a6e       0xa4 ./Middlewares/ST/STM32_USB_Device_Library/Core/Src/usbd_core.o
                0x08005a6e                USBD_LL_Reset
 .text.USBD_LL_SetSpeed
                0x08005b12       0x20 ./Middlewares/ST/STM32_USB_Device_Library/Core/Src/usbd_core.o
                0x08005b12                USBD_LL_SetSpeed
 .text.USBD_LL_Suspend
                0x08005b32       0x38 ./Middlewares/ST/STM32_USB_Device_Library/Core/Src/usbd_core.o
                0x08005b32                USBD_LL_Suspend
 .text.USBD_LL_Resume
                0x08005b6a       0x30 ./Middlewares/ST/STM32_USB_Device_Library/Core/Src/usbd_core.o
                0x08005b6a                USBD_LL_Resume
 .text.USBD_LL_SOF
                0x08005b9a       0x40 ./Middlewares/ST/STM32_USB_Device_Library/Core/Src/usbd_core.o
                0x08005b9a                USBD_LL_SOF
 .text.USBD_LL_IsoINIncomplete
                0x08005bda       0x64 ./Middlewares/ST/STM32_USB_Device_Library/Core/Src/usbd_core.o
                0x08005bda                USBD_LL_IsoINIncomplete
 .text.USBD_LL_IsoOUTIncomplete
                0x08005c3e       0x64 ./Middlewares/ST/STM32_USB_Device_Library/Core/Src/usbd_core.o
                0x08005c3e                USBD_LL_IsoOUTIncomplete
 .text.USBD_LL_DevConnected
                0x08005ca2       0x16 ./Middlewares/ST/STM32_USB_Device_Library/Core/Src/usbd_core.o
                0x08005ca2                USBD_LL_DevConnected
 .text.USBD_LL_DevDisconnected
                0x08005cb8       0x46 ./Middlewares/ST/STM32_USB_Device_Library/Core/Src/usbd_core.o
                0x08005cb8                USBD_LL_DevDisconnected
 .text.USBD_CoreFindIF
                0x08005cfe       0x1a ./Middlewares/ST/STM32_USB_Device_Library/Core/Src/usbd_core.o
                0x08005cfe                USBD_CoreFindIF
 .text.USBD_CoreFindEP
                0x08005d18       0x1a ./Middlewares/ST/STM32_USB_Device_Library/Core/Src/usbd_core.o
                0x08005d18                USBD_CoreFindEP
 .text.USBD_GetEpDesc
                0x08005d32       0x70 ./Middlewares/ST/STM32_USB_Device_Library/Core/Src/usbd_core.o
                0x08005d32                USBD_GetEpDesc
 .text.USBD_GetNextDesc
                0x08005da2       0x38 ./Middlewares/ST/STM32_USB_Device_Library/Core/Src/usbd_core.o
                0x08005da2                USBD_GetNextDesc
 .text.SWAPBYTE
                0x08005dda       0x3c ./Middlewares/ST/STM32_USB_Device_Library/Core/Src/usbd_ctlreq.o
 *fill*         0x08005e16        0x2 
 .text.USBD_StdDevReq
                0x08005e18       0xe4 ./Middlewares/ST/STM32_USB_Device_Library/Core/Src/usbd_ctlreq.o
                0x08005e18                USBD_StdDevReq
 .text.USBD_StdItfReq
                0x08005efc       0xd8 ./Middlewares/ST/STM32_USB_Device_Library/Core/Src/usbd_ctlreq.o
                0x08005efc                USBD_StdItfReq
 .text.USBD_StdEPReq
                0x08005fd4      0x33a ./Middlewares/ST/STM32_USB_Device_Library/Core/Src/usbd_ctlreq.o
                0x08005fd4                USBD_StdEPReq
 *fill*         0x0800630e        0x2 
 .text.USBD_GetDescriptor
                0x08006310      0x328 ./Middlewares/ST/STM32_USB_Device_Library/Core/Src/usbd_ctlreq.o
 .text.USBD_SetAddress
                0x08006638       0x88 ./Middlewares/ST/STM32_USB_Device_Library/Core/Src/usbd_ctlreq.o
 .text.USBD_SetConfig
                0x080066c0      0x154 ./Middlewares/ST/STM32_USB_Device_Library/Core/Src/usbd_ctlreq.o
 .text.USBD_GetConfig
                0x08006814       0x6c ./Middlewares/ST/STM32_USB_Device_Library/Core/Src/usbd_ctlreq.o
 .text.USBD_GetStatus
                0x08006880       0x68 ./Middlewares/ST/STM32_USB_Device_Library/Core/Src/usbd_ctlreq.o
 .text.USBD_SetFeature
                0x080068e8       0x52 ./Middlewares/ST/STM32_USB_Device_Library/Core/Src/usbd_ctlreq.o
 .text.USBD_ClrFeature
                0x0800693a       0x44 ./Middlewares/ST/STM32_USB_Device_Library/Core/Src/usbd_ctlreq.o
 .text.USBD_ParseSetupRequest
                0x0800697e       0x74 ./Middlewares/ST/STM32_USB_Device_Library/Core/Src/usbd_ctlreq.o
                0x0800697e                USBD_ParseSetupRequest
 .text.USBD_CtlError
                0x080069f2       0x22 ./Middlewares/ST/STM32_USB_Device_Library/Core/Src/usbd_ctlreq.o
                0x080069f2                USBD_CtlError
 .text.USBD_GetString
                0x08006a14       0x8c ./Middlewares/ST/STM32_USB_Device_Library/Core/Src/usbd_ctlreq.o
                0x08006a14                USBD_GetString
 .text.USBD_GetLen
                0x08006aa0       0x34 ./Middlewares/ST/STM32_USB_Device_Library/Core/Src/usbd_ctlreq.o
 .text.USBD_CtlSendData
                0x08006ad4       0x36 ./Middlewares/ST/STM32_USB_Device_Library/Core/Src/usbd_ioreq.o
                0x08006ad4                USBD_CtlSendData
 .text.USBD_CtlContinueSendData
                0x08006b0a       0x22 ./Middlewares/ST/STM32_USB_Device_Library/Core/Src/usbd_ioreq.o
                0x08006b0a                USBD_CtlContinueSendData
 .text.USBD_CtlPrepareRx
                0x08006b2c       0x3a ./Middlewares/ST/STM32_USB_Device_Library/Core/Src/usbd_ioreq.o
                0x08006b2c                USBD_CtlPrepareRx
 .text.USBD_CtlContinueRx
                0x08006b66       0x22 ./Middlewares/ST/STM32_USB_Device_Library/Core/Src/usbd_ioreq.o
                0x08006b66                USBD_CtlContinueRx
 .text.USBD_CtlSendStatus
                0x08006b88       0x26 ./Middlewares/ST/STM32_USB_Device_Library/Core/Src/usbd_ioreq.o
                0x08006b88                USBD_CtlSendStatus
 .text.USBD_CtlReceiveStatus
                0x08006bae       0x26 ./Middlewares/ST/STM32_USB_Device_Library/Core/Src/usbd_ioreq.o
                0x08006bae                USBD_CtlReceiveStatus
 .text.tp_set_contact
                0x08006bd4       0x8c ./USB_DEVICE/App/usb_device.o
                0x08006bd4                tp_set_contact
 .text.tp_set_reset_buttons
                0x08006c60       0x34 ./USB_DEVICE/App/usb_device.o
                0x08006c60                tp_set_reset_buttons
 .text.tp_update
                0x08006c94       0x40 ./USB_DEVICE/App/usb_device.o
                0x08006c94                tp_update
 .text.tp_send_touchpad_report
                0x08006cd4      0x130 ./USB_DEVICE/App/usb_device.o
                0x08006cd4                tp_send_touchpad_report
 .text.tp_send_mouse_report
                0x08006e04       0x60 ./USB_DEVICE/App/usb_device.o
                0x08006e04                tp_send_mouse_report
 .text.MX_USB_DEVICE_Init
                0x08006e64       0x60 ./USB_DEVICE/App/usb_device.o
                0x08006e64                MX_USB_DEVICE_Init
 .text.CUSTOM_HID_Init_FS
                0x08006ec4       0x10 ./USB_DEVICE/App/usbd_custom_hid_if.o
 .text.CUSTOM_HID_DeInit_FS
                0x08006ed4       0x10 ./USB_DEVICE/App/usbd_custom_hid_if.o
 .text.CUSTOM_HID_OutEvent_FS
                0x08006ee4       0x60 ./USB_DEVICE/App/usbd_custom_hid_if.o
 .text.get_touchpad_configuration
                0x08006f44       0x3c ./USB_DEVICE/App/usbd_custom_hid_if.o
                0x08006f44                get_touchpad_configuration
 .text.USBD_FS_DeviceDescriptor
                0x08006f80       0x24 ./USB_DEVICE/App/usbd_desc.o
                0x08006f80                USBD_FS_DeviceDescriptor
 .text.USBD_FS_LangIDStrDescriptor
                0x08006fa4       0x24 ./USB_DEVICE/App/usbd_desc.o
                0x08006fa4                USBD_FS_LangIDStrDescriptor
 .text.USBD_FS_ProductStrDescriptor
                0x08006fc8       0x3c ./USB_DEVICE/App/usbd_desc.o
                0x08006fc8                USBD_FS_ProductStrDescriptor
 .text.USBD_FS_ManufacturerStrDescriptor
                0x08007004       0x28 ./USB_DEVICE/App/usbd_desc.o
                0x08007004                USBD_FS_ManufacturerStrDescriptor
 .text.USBD_FS_SerialStrDescriptor
                0x0800702c       0x24 ./USB_DEVICE/App/usbd_desc.o
                0x0800702c                USBD_FS_SerialStrDescriptor
 .text.USBD_FS_ConfigStrDescriptor
                0x08007050       0x3c ./USB_DEVICE/App/usbd_desc.o
                0x08007050                USBD_FS_ConfigStrDescriptor
 .text.USBD_FS_InterfaceStrDescriptor
                0x0800708c       0x3c ./USB_DEVICE/App/usbd_desc.o
                0x0800708c                USBD_FS_InterfaceStrDescriptor
 .text.USBD_FS_USR_BOSDescriptor
                0x080070c8       0x24 ./USB_DEVICE/App/usbd_desc.o
                0x080070c8                USBD_FS_USR_BOSDescriptor
 .text.Get_SerialNum
                0x080070ec       0x58 ./USB_DEVICE/App/usbd_desc.o
 .text.IntToUnicode
                0x08007144       0x7e ./USB_DEVICE/App/usbd_desc.o
 *fill*         0x080071c2        0x2 
 .text.HAL_PCD_MspInit
                0x080071c4       0xd4 ./USB_DEVICE/Target/usbd_conf.o
                0x080071c4                HAL_PCD_MspInit
 .text.HAL_PCD_SetupStageCallback
                0x08007298       0x24 ./USB_DEVICE/Target/usbd_conf.o
                0x08007298                HAL_PCD_SetupStageCallback
 .text.HAL_PCD_DataOutStageCallback
                0x080072bc       0x36 ./USB_DEVICE/Target/usbd_conf.o
                0x080072bc                HAL_PCD_DataOutStageCallback
 .text.HAL_PCD_DataInStageCallback
                0x080072f2       0x34 ./USB_DEVICE/Target/usbd_conf.o
                0x080072f2                HAL_PCD_DataInStageCallback
 .text.HAL_PCD_SOFCallback
                0x08007326       0x1c ./USB_DEVICE/Target/usbd_conf.o
                0x08007326                HAL_PCD_SOFCallback
 .text.HAL_PCD_ResetCallback
                0x08007342       0x50 ./USB_DEVICE/Target/usbd_conf.o
                0x08007342                HAL_PCD_ResetCallback
 *fill*         0x08007392        0x2 
 .text.HAL_PCD_SuspendCallback
                0x08007394       0x4c ./USB_DEVICE/Target/usbd_conf.o
                0x08007394                HAL_PCD_SuspendCallback
 .text.HAL_PCD_ResumeCallback
                0x080073e0       0x1c ./USB_DEVICE/Target/usbd_conf.o
                0x080073e0                HAL_PCD_ResumeCallback
 .text.HAL_PCD_ISOOUTIncompleteCallback
                0x080073fc       0x24 ./USB_DEVICE/Target/usbd_conf.o
                0x080073fc                HAL_PCD_ISOOUTIncompleteCallback
 .text.HAL_PCD_ISOINIncompleteCallback
                0x08007420       0x24 ./USB_DEVICE/Target/usbd_conf.o
                0x08007420                HAL_PCD_ISOINIncompleteCallback
 .text.HAL_PCD_ConnectCallback
                0x08007444       0x1c ./USB_DEVICE/Target/usbd_conf.o
                0x08007444                HAL_PCD_ConnectCallback
 .text.HAL_PCD_DisconnectCallback
                0x08007460       0x1c ./USB_DEVICE/Target/usbd_conf.o
                0x08007460                HAL_PCD_DisconnectCallback
 .text.USBD_LL_Init
                0x0800747c       0x98 ./USB_DEVICE/Target/usbd_conf.o
                0x0800747c                USBD_LL_Init
 .text.USBD_LL_Start
                0x08007514       0x36 ./USB_DEVICE/Target/usbd_conf.o
                0x08007514                USBD_LL_Start
 .text.USBD_LL_OpenEP
                0x0800754a       0x4c ./USB_DEVICE/Target/usbd_conf.o
                0x0800754a                USBD_LL_OpenEP
 .text.USBD_LL_CloseEP
                0x08007596       0x3e ./USB_DEVICE/Target/usbd_conf.o
                0x08007596                USBD_LL_CloseEP
 .text.USBD_LL_StallEP
                0x080075d4       0x3e ./USB_DEVICE/Target/usbd_conf.o
                0x080075d4                USBD_LL_StallEP
 .text.USBD_LL_ClearStallEP
                0x08007612       0x3e ./USB_DEVICE/Target/usbd_conf.o
                0x08007612                USBD_LL_ClearStallEP
 .text.USBD_LL_IsStallEP
                0x08007650       0x58 ./USB_DEVICE/Target/usbd_conf.o
                0x08007650                USBD_LL_IsStallEP
 .text.USBD_LL_SetUSBAddress
                0x080076a8       0x3e ./USB_DEVICE/Target/usbd_conf.o
                0x080076a8                USBD_LL_SetUSBAddress
 .text.USBD_LL_Transmit
                0x080076e6       0x42 ./USB_DEVICE/Target/usbd_conf.o
                0x080076e6                USBD_LL_Transmit
 .text.USBD_LL_PrepareReceive
                0x08007728       0x42 ./USB_DEVICE/Target/usbd_conf.o
                0x08007728                USBD_LL_PrepareReceive
 *fill*         0x0800776a        0x2 
 .text.HAL_PCDEx_LPM_Callback
                0x0800776c       0x9c ./USB_DEVICE/Target/usbd_conf.o
                0x0800776c                HAL_PCDEx_LPM_Callback
 .text.USBD_static_malloc
                0x08007808       0x1c ./USB_DEVICE/Target/usbd_conf.o
                0x08007808                USBD_static_malloc
 .text.USBD_static_free
                0x08007824       0x14 ./USB_DEVICE/Target/usbd_conf.o
                0x08007824                USBD_static_free
 .text.USBD_Get_USB_Status
                0x08007838       0x58 ./USB_DEVICE/Target/usbd_conf.o
                0x08007838                USBD_Get_USB_Status
 .text.memset   0x08007890       0x10 C:/ST/STM32CubeIDE_1.13.1/STM32CubeIDE/plugins/com.st.stm32cube.ide.mcu.externaltools.gnu-tools-for-stm32.12.3.rel1.win32_1.0.100.202403111256/tools/bin/../lib/gcc/arm-none-eabi/12.3.1/../../../../arm-none-eabi/lib/thumb/v7e-m+fp/hard\libc_nano.a(libc_a-memset.o)
                0x08007890                memset
 .text.__libc_init_array
                0x080078a0       0x48 C:/ST/STM32CubeIDE_1.13.1/STM32CubeIDE/plugins/com.st.stm32cube.ide.mcu.externaltools.gnu-tools-for-stm32.12.3.rel1.win32_1.0.100.202403111256/tools/bin/../lib/gcc/arm-none-eabi/12.3.1/../../../../arm-none-eabi/lib/thumb/v7e-m+fp/hard\libc_nano.a(libc_a-init.o)
                0x080078a0                __libc_init_array
 *(.glue_7)
 .glue_7        0x080078e8        0x0 linker stubs
 *(.glue_7t)
 .glue_7t       0x080078e8        0x0 linker stubs
 *(.eh_frame)
 .eh_frame      0x080078e8        0x0 C:/ST/STM32CubeIDE_1.13.1/STM32CubeIDE/plugins/com.st.stm32cube.ide.mcu.externaltools.gnu-tools-for-stm32.12.3.rel1.win32_1.0.100.202403111256/tools/bin/../lib/gcc/arm-none-eabi/12.3.1/thumb/v7e-m+fp/hard/crtbegin.o
 *(.init)
 .init          0x080078e8        0x4 C:/ST/STM32CubeIDE_1.13.1/STM32CubeIDE/plugins/com.st.stm32cube.ide.mcu.externaltools.gnu-tools-for-stm32.12.3.rel1.win32_1.0.100.202403111256/tools/bin/../lib/gcc/arm-none-eabi/12.3.1/thumb/v7e-m+fp/hard/crti.o
                0x080078e8                _init
 .init          0x080078ec        0x8 C:/ST/STM32CubeIDE_1.13.1/STM32CubeIDE/plugins/com.st.stm32cube.ide.mcu.externaltools.gnu-tools-for-stm32.12.3.rel1.win32_1.0.100.202403111256/tools/bin/../lib/gcc/arm-none-eabi/12.3.1/thumb/v7e-m+fp/hard/crtn.o
 *(.fini)
 .fini          0x080078f4        0x4 C:/ST/STM32CubeIDE_1.13.1/STM32CubeIDE/plugins/com.st.stm32cube.ide.mcu.externaltools.gnu-tools-for-stm32.12.3.rel1.win32_1.0.100.202403111256/tools/bin/../lib/gcc/arm-none-eabi/12.3.1/thumb/v7e-m+fp/hard/crti.o
                0x080078f4                _fini
 .fini          0x080078f8        0x8 C:/ST/STM32CubeIDE_1.13.1/STM32CubeIDE/plugins/com.st.stm32cube.ide.mcu.externaltools.gnu-tools-for-stm32.12.3.rel1.win32_1.0.100.202403111256/tools/bin/../lib/gcc/arm-none-eabi/12.3.1/thumb/v7e-m+fp/hard/crtn.o
                0x08007900                        . = ALIGN (0x4)
                0x08007900                        _etext = .

.vfp11_veneer   0x08007900        0x0
 .vfp11_veneer  0x08007900        0x0 linker stubs

.v4_bx          0x08007900        0x0
 .v4_bx         0x08007900        0x0 linker stubs

.iplt           0x08007900        0x0
 .iplt          0x08007900        0x0 C:/ST/STM32CubeIDE_1.13.1/STM32CubeIDE/plugins/com.st.stm32cube.ide.mcu.externaltools.gnu-tools-for-stm32.12.3.rel1.win32_1.0.100.202403111256/tools/bin/../lib/gcc/arm-none-eabi/12.3.1/thumb/v7e-m+fp/hard/crtbegin.o

.rodata         0x08007900      0x174
                0x08007900                        . = ALIGN (0x4)
 *(.rodata)
 .rodata        0x08007900       0x5d ./USB_DEVICE/App/usbd_desc.o
 *(.rodata*)
 *fill*         0x0800795d        0x3 
 .rodata.AHBPrescTable
                0x08007960       0x10 ./Core/Src/system_stm32f4xx.o
                0x08007960                AHBPrescTable
 .rodata.certification_status_report
                0x08007970      0x101 ./Middlewares/ST/STM32_USB_Device_Library/Class/CustomHID/Src/usbd_customhid.o
                0x08007970                certification_status_report
                0x08007a74                        . = ALIGN (0x4)
 *fill*         0x08007a71        0x3 

.ARM.extab      0x08007a74        0x0
                0x08007a74                        . = ALIGN (0x4)
 *(.ARM.extab* .gnu.linkonce.armextab.*)
                0x08007a74                        . = ALIGN (0x4)

.ARM            0x08007a74        0x8
                0x08007a74                        . = ALIGN (0x4)
                0x08007a74                        __exidx_start = .
 *(.ARM.exidx*)
 .ARM.exidx     0x08007a74        0x8 C:/ST/STM32CubeIDE_1.13.1/STM32CubeIDE/plugins/com.st.stm32cube.ide.mcu.externaltools.gnu-tools-for-stm32.12.3.rel1.win32_1.0.100.202403111256/tools/bin/../lib/gcc/arm-none-eabi/12.3.1/thumb/v7e-m+fp/hard\libgcc.a(_udivmoddi4.o)
                0x08007a7c                        __exidx_end = .
                0x08007a7c                        . = ALIGN (0x4)

.preinit_array  0x08007a7c        0x0
                0x08007a7c                        . = ALIGN (0x4)
                0x08007a7c                        PROVIDE (__preinit_array_start = .)
 *(.preinit_array*)
                0x08007a7c                        PROVIDE (__preinit_array_end = .)
                0x08007a7c                        . = ALIGN (0x4)

.init_array     0x08007a7c        0x4
                0x08007a7c                        . = ALIGN (0x4)
                0x08007a7c                        PROVIDE (__init_array_start = .)
 *(SORT_BY_NAME(.init_array.*))
 *(.init_array*)
 .init_array    0x08007a7c        0x4 C:/ST/STM32CubeIDE_1.13.1/STM32CubeIDE/plugins/com.st.stm32cube.ide.mcu.externaltools.gnu-tools-for-stm32.12.3.rel1.win32_1.0.100.202403111256/tools/bin/../lib/gcc/arm-none-eabi/12.3.1/thumb/v7e-m+fp/hard/crtbegin.o
                0x08007a80                        PROVIDE (__init_array_end = .)
                0x08007a80                        . = ALIGN (0x4)

.fini_array     0x08007a80        0x4
                0x08007a80                        . = ALIGN (0x4)
                [!provide]                        PROVIDE (__fini_array_start = .)
 *(SORT_BY_NAME(.fini_array.*))
 *(.fini_array*)
 .fini_array    0x08007a80        0x4 C:/ST/STM32CubeIDE_1.13.1/STM32CubeIDE/plugins/com.st.stm32cube.ide.mcu.externaltools.gnu-tools-for-stm32.12.3.rel1.win32_1.0.100.202403111256/tools/bin/../lib/gcc/arm-none-eabi/12.3.1/thumb/v7e-m+fp/hard/crtbegin.o
                [!provide]                        PROVIDE (__fini_array_end = .)
                0x08007a84                        . = ALIGN (0x4)
                0x08007a84                        _sidata = LOADADDR (.data)

.rel.dyn        0x08007a84        0x0
 .rel.iplt      0x08007a84        0x0 C:/ST/STM32CubeIDE_1.13.1/STM32CubeIDE/plugins/com.st.stm32cube.ide.mcu.externaltools.gnu-tools-for-stm32.12.3.rel1.win32_1.0.100.202403111256/tools/bin/../lib/gcc/arm-none-eabi/12.3.1/thumb/v7e-m+fp/hard/crtbegin.o

.data           0x20000000      0x288 load address 0x08007a84
                0x20000000                        . = ALIGN (0x4)
                0x20000000                        _sdata = .
 *(.data)
 *(.data*)
 .data.SystemCoreClock
                0x20000000        0x4 ./Core/Src/system_stm32f4xx.o
                0x20000000                SystemCoreClock
 .data.uwTickPrio
                0x20000004        0x4 ./Drivers/STM32F4xx_HAL_Driver/Src/stm32f4xx_hal.o
                0x20000004                uwTickPrio
 .data.uwTickFreq
                0x20000008        0x1 ./Drivers/STM32F4xx_HAL_Driver/Src/stm32f4xx_hal.o
                0x20000008                uwTickFreq
 *fill*         0x20000009        0x3 
 .data.USBD_CUSTOM_HID
                0x2000000c       0x38 ./Middlewares/ST/STM32_USB_Device_Library/Class/CustomHID/Src/usbd_customhid.o
                0x2000000c                USBD_CUSTOM_HID
 .data.USBD_CUSTOM_HID_CfgDesc
                0x20000044       0x29 ./Middlewares/ST/STM32_USB_Device_Library/Class/CustomHID/Src/usbd_customhid.o
 *fill*         0x2000006d        0x3 
 .data.USBD_CUSTOM_HID_Desc
                0x20000070        0x9 ./Middlewares/ST/STM32_USB_Device_Library/Class/CustomHID/Src/usbd_customhid.o
 *fill*         0x20000079        0x3 
 .data.USBD_CUSTOM_HID_DeviceQualifierDesc
                0x2000007c        0xa ./Middlewares/ST/STM32_USB_Device_Library/Class/CustomHID/Src/usbd_customhid.o
 .data.CUSTOMHIDInEpAdd
                0x20000086        0x1 ./Middlewares/ST/STM32_USB_Device_Library/Class/CustomHID/Src/usbd_customhid.o
 .data.CUSTOMHIDOutEpAdd
                0x20000087        0x1 ./Middlewares/ST/STM32_USB_Device_Library/Class/CustomHID/Src/usbd_customhid.o
 .data.CUSTOM_HID_ReportDesc_FS
                0x20000088      0x18e ./USB_DEVICE/App/usbd_custom_hid_if.o
 *fill*         0x20000216        0x2 
 .data.USBD_CustomHID_fops_FS
                0x20000218       0x10 ./USB_DEVICE/App/usbd_custom_hid_if.o
                0x20000218                USBD_CustomHID_fops_FS
 .data.FS_Desc  0x20000228       0x20 ./USB_DEVICE/App/usbd_desc.o
                0x20000228                FS_Desc
 .data.USBD_FS_DeviceDesc
                0x20000248       0x12 ./USB_DEVICE/App/usbd_desc.o
                0x20000248                USBD_FS_DeviceDesc
 *fill*         0x2000025a        0x2 
 .data.USBD_FS_BOSDesc
                0x2000025c        0xc ./USB_DEVICE/App/usbd_desc.o
                0x2000025c                USBD_FS_BOSDesc
 .data.USBD_LangIDDesc
                0x20000268        0x4 ./USB_DEVICE/App/usbd_desc.o
                0x20000268                USBD_LangIDDesc
 .data.USBD_StringSerial
                0x2000026c       0x1a ./USB_DEVICE/App/usbd_desc.o
                0x2000026c                USBD_StringSerial
 *(.RamFunc)
 *(.RamFunc*)
                0x20000288                        . = ALIGN (0x4)
 *fill*         0x20000286        0x2 
                0x20000288                        _edata = .

.igot.plt       0x20000288        0x0 load address 0x08007d0c
 .igot.plt      0x20000288        0x0 C:/ST/STM32CubeIDE_1.13.1/STM32CubeIDE/plugins/com.st.stm32cube.ide.mcu.externaltools.gnu-tools-for-stm32.12.3.rel1.win32_1.0.100.202403111256/tools/bin/../lib/gcc/arm-none-eabi/12.3.1/thumb/v7e-m+fp/hard/crtbegin.o
                0x20000288                        . = ALIGN (0x4)

.bss            0x20000288      0xa18 load address 0x08007d0c
                0x20000288                        _sbss = .
                0x20000288                        __bss_start__ = _sbss
 *(.bss)
 .bss           0x20000288       0x1c C:/ST/STM32CubeIDE_1.13.1/STM32CubeIDE/plugins/com.st.stm32cube.ide.mcu.externaltools.gnu-tools-for-stm32.12.3.rel1.win32_1.0.100.202403111256/tools/bin/../lib/gcc/arm-none-eabi/12.3.1/thumb/v7e-m+fp/hard/crtbegin.o
 *(.bss*)
 .bss.uwTick    0x200002a4        0x4 ./Drivers/STM32F4xx_HAL_Driver/Src/stm32f4xx_hal.o
                0x200002a4                uwTick
 .bss.cfgidx.0  0x200002a8        0x1 ./Middlewares/ST/STM32_USB_Device_Library/Core/Src/usbd_ctlreq.o
 *fill*         0x200002a9        0x3 
 .bss.contacts_by_ID
                0x200002ac        0xf ./USB_DEVICE/App/usb_device.o
                0x200002ac                contacts_by_ID
 *fill*         0x200002bb        0x1 
 .bss.button_states
                0x200002bc        0x3 ./USB_DEVICE/App/usb_device.o
                0x200002bc                button_states
 *fill*         0x200002bf        0x1 
 .bss.hUsbDeviceFS
                0x200002c0      0x2dc ./USB_DEVICE/App/usb_device.o
                0x200002c0                hUsbDeviceFS
 .bss.touchpadConfiguration
                0x2000059c        0x3 ./USB_DEVICE/App/usbd_custom_hid_if.o
                0x2000059c                touchpadConfiguration
 *fill*         0x2000059f        0x1 
 .bss.USBD_StrDesc
                0x200005a0      0x200 ./USB_DEVICE/App/usbd_desc.o
                0x200005a0                USBD_StrDesc
 .bss.hpcd_USB_OTG_FS
                0x200007a0      0x4e4 ./USB_DEVICE/Target/usbd_conf.o
                0x200007a0                hpcd_USB_OTG_FS
 .bss.mem.0     0x20000c84       0x1c ./USB_DEVICE/Target/usbd_conf.o
 *(COMMON)
                0x20000ca0                        . = ALIGN (0x4)
                0x20000ca0                        _ebss = .
                0x20000ca0                        __bss_end__ = _ebss

._user_heap_stack
                0x20000ca0      0x600 load address 0x08007d0c
                0x20000ca0                        . = ALIGN (0x8)
                [!provide]                        PROVIDE (end = .)
                0x20000ca0                        PROVIDE (_end = .)
                0x20000ea0                        . = (. + _Min_Heap_Size)
 *fill*         0x20000ca0      0x200 
                0x200012a0                        . = (. + _Min_Stack_Size)
 *fill*         0x20000ea0      0x400 
                0x200012a0                        . = ALIGN (0x8)

/DISCARD/
 libc.a(*)
 libm.a(*)
 libgcc.a(*)

.ARM.attributes
                0x00000000       0x30
 *(.ARM.attributes)
 .ARM.attributes
                0x00000000       0x22 C:/ST/STM32CubeIDE_1.13.1/STM32CubeIDE/plugins/com.st.stm32cube.ide.mcu.externaltools.gnu-tools-for-stm32.12.3.rel1.win32_1.0.100.202403111256/tools/bin/../lib/gcc/arm-none-eabi/12.3.1/thumb/v7e-m+fp/hard/crti.o
 .ARM.attributes
                0x00000022       0x34 C:/ST/STM32CubeIDE_1.13.1/STM32CubeIDE/plugins/com.st.stm32cube.ide.mcu.externaltools.gnu-tools-for-stm32.12.3.rel1.win32_1.0.100.202403111256/tools/bin/../lib/gcc/arm-none-eabi/12.3.1/thumb/v7e-m+fp/hard/crtbegin.o
 .ARM.attributes
                0x00000056       0x34 ./Core/Src/main.o
 .ARM.attributes
                0x0000008a       0x34 ./Core/Src/stm32f4xx_hal_msp.o
 .ARM.attributes
                0x000000be       0x34 ./Core/Src/stm32f4xx_it.o
 .ARM.attributes
                0x000000f2       0x34 ./Core/Src/system_stm32f4xx.o
 .ARM.attributes
                0x00000126       0x21 ./Core/Startup/startup_stm32f446zetx.o
 .ARM.attributes
                0x00000147       0x34 ./Drivers/STM32F4xx_HAL_Driver/Src/stm32f4xx_hal.o
 .ARM.attributes
                0x0000017b       0x34 ./Drivers/STM32F4xx_HAL_Driver/Src/stm32f4xx_hal_cortex.o
 .ARM.attributes
                0x000001af       0x34 ./Drivers/STM32F4xx_HAL_Driver/Src/stm32f4xx_hal_gpio.o
 .ARM.attributes
                0x000001e3       0x34 ./Drivers/STM32F4xx_HAL_Driver/Src/stm32f4xx_hal_pcd.o
 .ARM.attributes
                0x00000217       0x34 ./Drivers/STM32F4xx_HAL_Driver/Src/stm32f4xx_hal_pcd_ex.o
 .ARM.attributes
                0x0000024b       0x34 ./Drivers/STM32F4xx_HAL_Driver/Src/stm32f4xx_hal_rcc.o
 .ARM.attributes
                0x0000027f       0x34 ./Drivers/STM32F4xx_HAL_Driver/Src/stm32f4xx_hal_rcc_ex.o
 .ARM.attributes
                0x000002b3       0x34 ./Drivers/STM32F4xx_HAL_Driver/Src/stm32f4xx_ll_usb.o
 .ARM.attributes
                0x000002e7       0x34 ./Middlewares/ST/STM32_USB_Device_Library/Class/CustomHID/Src/usbd_customhid.o
 .ARM.attributes
                0x0000031b       0x34 ./Middlewares/ST/STM32_USB_Device_Library/Core/Src/usbd_core.o
 .ARM.attributes
                0x0000034f       0x34 ./Middlewares/ST/STM32_USB_Device_Library/Core/Src/usbd_ctlreq.o
 .ARM.attributes
                0x00000383       0x34 ./Middlewares/ST/STM32_USB_Device_Library/Core/Src/usbd_ioreq.o
 .ARM.attributes
                0x000003b7       0x34 ./USB_DEVICE/App/usb_device.o
 .ARM.attributes
                0x000003eb       0x34 ./USB_DEVICE/App/usbd_custom_hid_if.o
 .ARM.attributes
                0x0000041f       0x34 ./USB_DEVICE/App/usbd_desc.o
 .ARM.attributes
                0x00000453       0x34 ./USB_DEVICE/Target/usbd_conf.o
 .ARM.attributes
                0x00000487       0x34 C:/ST/STM32CubeIDE_1.13.1/STM32CubeIDE/plugins/com.st.stm32cube.ide.mcu.externaltools.gnu-tools-for-stm32.12.3.rel1.win32_1.0.100.202403111256/tools/bin/../lib/gcc/arm-none-eabi/12.3.1/../../../../arm-none-eabi/lib/thumb/v7e-m+fp/hard\libc_nano.a(libc_a-memset.o)
 .ARM.attributes
                0x000004bb       0x34 C:/ST/STM32CubeIDE_1.13.1/STM32CubeIDE/plugins/com.st.stm32cube.ide.mcu.externaltools.gnu-tools-for-stm32.12.3.rel1.win32_1.0.100.202403111256/tools/bin/../lib/gcc/arm-none-eabi/12.3.1/../../../../arm-none-eabi/lib/thumb/v7e-m+fp/hard\libc_nano.a(libc_a-init.o)
 .ARM.attributes
                0x000004ef       0x22 C:/ST/STM32CubeIDE_1.13.1/STM32CubeIDE/plugins/com.st.stm32cube.ide.mcu.externaltools.gnu-tools-for-stm32.12.3.rel1.win32_1.0.100.202403111256/tools/bin/../lib/gcc/arm-none-eabi/12.3.1/thumb/v7e-m+fp/hard\libgcc.a(_aeabi_uldivmod.o)
 .ARM.attributes
                0x00000511       0x34 C:/ST/STM32CubeIDE_1.13.1/STM32CubeIDE/plugins/com.st.stm32cube.ide.mcu.externaltools.gnu-tools-for-stm32.12.3.rel1.win32_1.0.100.202403111256/tools/bin/../lib/gcc/arm-none-eabi/12.3.1/thumb/v7e-m+fp/hard\libgcc.a(_udivmoddi4.o)
 .ARM.attributes
                0x00000545       0x22 C:/ST/STM32CubeIDE_1.13.1/STM32CubeIDE/plugins/com.st.stm32cube.ide.mcu.externaltools.gnu-tools-for-stm32.12.3.rel1.win32_1.0.100.202403111256/tools/bin/../lib/gcc/arm-none-eabi/12.3.1/thumb/v7e-m+fp/hard\libgcc.a(_dvmd_tls.o)
 .ARM.attributes
                0x00000567       0x22 C:/ST/STM32CubeIDE_1.13.1/STM32CubeIDE/plugins/com.st.stm32cube.ide.mcu.externaltools.gnu-tools-for-stm32.12.3.rel1.win32_1.0.100.202403111256/tools/bin/../lib/gcc/arm-none-eabi/12.3.1/thumb/v7e-m+fp/hard/crtn.o
OUTPUT(stm32-usb-touchpad.elf elf32-littlearm)
LOAD linker stubs
LOAD C:/ST/STM32CubeIDE_1.13.1/STM32CubeIDE/plugins/com.st.stm32cube.ide.mcu.externaltools.gnu-tools-for-stm32.12.3.rel1.win32_1.0.100.202403111256/tools/bin/../lib/gcc/arm-none-eabi/12.3.1/../../../../arm-none-eabi/lib/thumb/v7e-m+fp/hard\libc.a
LOAD C:/ST/STM32CubeIDE_1.13.1/STM32CubeIDE/plugins/com.st.stm32cube.ide.mcu.externaltools.gnu-tools-for-stm32.12.3.rel1.win32_1.0.100.202403111256/tools/bin/../lib/gcc/arm-none-eabi/12.3.1/../../../../arm-none-eabi/lib/thumb/v7e-m+fp/hard\libm.a
LOAD C:/ST/STM32CubeIDE_1.13.1/STM32CubeIDE/plugins/com.st.stm32cube.ide.mcu.externaltools.gnu-tools-for-stm32.12.3.rel1.win32_1.0.100.202403111256/tools/bin/../lib/gcc/arm-none-eabi/12.3.1/thumb/v7e-m+fp/hard\libgcc.a

.debug_info     0x00000000     0xe213
 .debug_info    0x00000000      0x870 ./Core/Src/main.o
 .debug_info    0x00000870      0x299 ./Core/Src/stm32f4xx_hal_msp.o
 .debug_info    0x00000b09      0x685 ./Core/Src/stm32f4xx_it.o
 .debug_info    0x0000118e      0x54a ./Core/Src/system_stm32f4xx.o
 .debug_info    0x000016d8       0x30 ./Core/Startup/startup_stm32f446zetx.o
 .debug_info    0x00001708      0x99a ./Drivers/STM32F4xx_HAL_Driver/Src/stm32f4xx_hal.o
 .debug_info    0x000020a2      0xd75 ./Drivers/STM32F4xx_HAL_Driver/Src/stm32f4xx_hal_cortex.o
 .debug_info    0x00002e17      0x70b ./Drivers/STM32F4xx_HAL_Driver/Src/stm32f4xx_hal_gpio.o
 .debug_info    0x00003522     0x15e3 ./Drivers/STM32F4xx_HAL_Driver/Src/stm32f4xx_hal_pcd.o
 .debug_info    0x00004b05      0x7b4 ./Drivers/STM32F4xx_HAL_Driver/Src/stm32f4xx_hal_pcd_ex.o
 .debug_info    0x000052b9      0x8ed ./Drivers/STM32F4xx_HAL_Driver/Src/stm32f4xx_hal_rcc.o
 .debug_info    0x00005ba6      0x956 ./Drivers/STM32F4xx_HAL_Driver/Src/stm32f4xx_hal_rcc_ex.o
 .debug_info    0x000064fc     0x19f1 ./Drivers/STM32F4xx_HAL_Driver/Src/stm32f4xx_ll_usb.o
 .debug_info    0x00007eed      0xcfc ./Middlewares/ST/STM32_USB_Device_Library/Class/CustomHID/Src/usbd_customhid.o
 .debug_info    0x00008be9      0xe12 ./Middlewares/ST/STM32_USB_Device_Library/Core/Src/usbd_core.o
 .debug_info    0x000099fb      0xaeb ./Middlewares/ST/STM32_USB_Device_Library/Core/Src/usbd_ctlreq.o
 .debug_info    0x0000a4e6      0x762 ./Middlewares/ST/STM32_USB_Device_Library/Core/Src/usbd_ioreq.o
 .debug_info    0x0000ac48      0xa99 ./USB_DEVICE/App/usb_device.o
 .debug_info    0x0000b6e1      0x72d ./USB_DEVICE/App/usbd_custom_hid_if.o
 .debug_info    0x0000be0e      0x4ba ./USB_DEVICE/App/usbd_desc.o
 .debug_info    0x0000c2c8     0x1f4b ./USB_DEVICE/Target/usbd_conf.o

.debug_abbrev   0x00000000     0x2ca0
 .debug_abbrev  0x00000000      0x272 ./Core/Src/main.o
 .debug_abbrev  0x00000272       0xd8 ./Core/Src/stm32f4xx_hal_msp.o
 .debug_abbrev  0x0000034a      0x1a4 ./Core/Src/stm32f4xx_it.o
 .debug_abbrev  0x000004ee      0x11a ./Core/Src/system_stm32f4xx.o
 .debug_abbrev  0x00000608       0x24 ./Core/Startup/startup_stm32f446zetx.o
 .debug_abbrev  0x0000062c      0x214 ./Drivers/STM32F4xx_HAL_Driver/Src/stm32f4xx_hal.o
 .debug_abbrev  0x00000840      0x328 ./Drivers/STM32F4xx_HAL_Driver/Src/stm32f4xx_hal_cortex.o
 .debug_abbrev  0x00000b68      0x1d4 ./Drivers/STM32F4xx_HAL_Driver/Src/stm32f4xx_hal_gpio.o
 .debug_abbrev  0x00000d3c      0x2d0 ./Drivers/STM32F4xx_HAL_Driver/Src/stm32f4xx_hal_pcd.o
 .debug_abbrev  0x0000100c      0x1dd ./Drivers/STM32F4xx_HAL_Driver/Src/stm32f4xx_hal_pcd_ex.o
 .debug_abbrev  0x000011e9      0x2b6 ./Drivers/STM32F4xx_HAL_Driver/Src/stm32f4xx_hal_rcc.o
 .debug_abbrev  0x0000149f      0x20a ./Drivers/STM32F4xx_HAL_Driver/Src/stm32f4xx_hal_rcc_ex.o
 .debug_abbrev  0x000016a9      0x2b3 ./Drivers/STM32F4xx_HAL_Driver/Src/stm32f4xx_ll_usb.o
 .debug_abbrev  0x0000195c      0x2ef ./Middlewares/ST/STM32_USB_Device_Library/Class/CustomHID/Src/usbd_customhid.o
 .debug_abbrev  0x00001c4b      0x27c ./Middlewares/ST/STM32_USB_Device_Library/Core/Src/usbd_core.o
 .debug_abbrev  0x00001ec7      0x26f ./Middlewares/ST/STM32_USB_Device_Library/Core/Src/usbd_ctlreq.o
 .debug_abbrev  0x00002136      0x19a ./Middlewares/ST/STM32_USB_Device_Library/Core/Src/usbd_ioreq.o
 .debug_abbrev  0x000022d0      0x291 ./USB_DEVICE/App/usb_device.o
 .debug_abbrev  0x00002561      0x21b ./USB_DEVICE/App/usbd_custom_hid_if.o
 .debug_abbrev  0x0000277c      0x1e3 ./USB_DEVICE/App/usbd_desc.o
 .debug_abbrev  0x0000295f      0x341 ./USB_DEVICE/Target/usbd_conf.o

.debug_aranges  0x00000000      0xc00
 .debug_aranges
                0x00000000       0x48 ./Core/Src/main.o
 .debug_aranges
                0x00000048       0x20 ./Core/Src/stm32f4xx_hal_msp.o
 .debug_aranges
                0x00000068       0x68 ./Core/Src/stm32f4xx_it.o
 .debug_aranges
                0x000000d0       0x28 ./Core/Src/system_stm32f4xx.o
 .debug_aranges
                0x000000f8       0x28 ./Core/Startup/startup_stm32f446zetx.o
 .debug_aranges
                0x00000120       0xf0 ./Drivers/STM32F4xx_HAL_Driver/Src/stm32f4xx_hal.o
 .debug_aranges
                0x00000210      0x120 ./Drivers/STM32F4xx_HAL_Driver/Src/stm32f4xx_hal_cortex.o
 .debug_aranges
                0x00000330       0x58 ./Drivers/STM32F4xx_HAL_Driver/Src/stm32f4xx_hal_gpio.o
 .debug_aranges
                0x00000388      0x148 ./Drivers/STM32F4xx_HAL_Driver/Src/stm32f4xx_hal_pcd.o
 .debug_aranges
                0x000004d0       0x48 ./Drivers/STM32F4xx_HAL_Driver/Src/stm32f4xx_hal_pcd_ex.o
 .debug_aranges
                0x00000518       0x88 ./Drivers/STM32F4xx_HAL_Driver/Src/stm32f4xx_hal_rcc.o
 .debug_aranges
                0x000005a0       0x78 ./Drivers/STM32F4xx_HAL_Driver/Src/stm32f4xx_hal_rcc_ex.o
 .debug_aranges
                0x00000618      0x1a0 ./Drivers/STM32F4xx_HAL_Driver/Src/stm32f4xx_ll_usb.o
 .debug_aranges
                0x000007b8       0x80 ./Middlewares/ST/STM32_USB_Device_Library/Class/CustomHID/Src/usbd_customhid.o
 .debug_aranges
                0x00000838       0xd8 ./Middlewares/ST/STM32_USB_Device_Library/Core/Src/usbd_core.o
 .debug_aranges
                0x00000910       0x90 ./Middlewares/ST/STM32_USB_Device_Library/Core/Src/usbd_ctlreq.o
 .debug_aranges
                0x000009a0       0x50 ./Middlewares/ST/STM32_USB_Device_Library/Core/Src/usbd_ioreq.o
 .debug_aranges
                0x000009f0       0x58 ./USB_DEVICE/App/usb_device.o
 .debug_aranges
                0x00000a48       0x38 ./USB_DEVICE/App/usbd_custom_hid_if.o
 .debug_aranges
                0x00000a80       0x68 ./USB_DEVICE/App/usbd_desc.o
 .debug_aranges
                0x00000ae8      0x118 ./USB_DEVICE/Target/usbd_conf.o

.debug_rnglists
                0x00000000      0x8de
 .debug_rnglists
                0x00000000       0x35 ./Core/Src/main.o
 .debug_rnglists
                0x00000035       0x13 ./Core/Src/stm32f4xx_hal_msp.o
 .debug_rnglists
                0x00000048       0x49 ./Core/Src/stm32f4xx_it.o
 .debug_rnglists
                0x00000091       0x1a ./Core/Src/system_stm32f4xx.o
 .debug_rnglists
                0x000000ab       0x19 ./Core/Startup/startup_stm32f446zetx.o
 .debug_rnglists
                0x000000c4       0xaf ./Drivers/STM32F4xx_HAL_Driver/Src/stm32f4xx_hal.o
 .debug_rnglists
                0x00000173       0xd4 ./Drivers/STM32F4xx_HAL_Driver/Src/stm32f4xx_hal_cortex.o
 .debug_rnglists
                0x00000247       0x3f ./Drivers/STM32F4xx_HAL_Driver/Src/stm32f4xx_hal_gpio.o
 .debug_rnglists
                0x00000286       0xfa ./Drivers/STM32F4xx_HAL_Driver/Src/stm32f4xx_hal_pcd.o
 .debug_rnglists
                0x00000380       0x32 ./Drivers/STM32F4xx_HAL_Driver/Src/stm32f4xx_hal_pcd_ex.o
 .debug_rnglists
                0x000003b2       0x66 ./Drivers/STM32F4xx_HAL_Driver/Src/stm32f4xx_hal_rcc.o
 .debug_rnglists
                0x00000418       0x5e ./Drivers/STM32F4xx_HAL_Driver/Src/stm32f4xx_hal_rcc_ex.o
 .debug_rnglists
                0x00000476      0x147 ./Drivers/STM32F4xx_HAL_Driver/Src/stm32f4xx_ll_usb.o
 .debug_rnglists
                0x000005bd       0x5e ./Middlewares/ST/STM32_USB_Device_Library/Class/CustomHID/Src/usbd_customhid.o
 .debug_rnglists
                0x0000061b       0xa1 ./Middlewares/ST/STM32_USB_Device_Library/Core/Src/usbd_core.o
 .debug_rnglists
                0x000006bc       0x6e ./Middlewares/ST/STM32_USB_Device_Library/Core/Src/usbd_ctlreq.o
 .debug_rnglists
                0x0000072a       0x37 ./Middlewares/ST/STM32_USB_Device_Library/Core/Src/usbd_ioreq.o
 .debug_rnglists
                0x00000761       0x3f ./USB_DEVICE/App/usb_device.o
 .debug_rnglists
                0x000007a0       0x25 ./USB_DEVICE/App/usbd_custom_hid_if.o
 .debug_rnglists
                0x000007c5       0x49 ./USB_DEVICE/App/usbd_desc.o
 .debug_rnglists
                0x0000080e       0xd0 ./USB_DEVICE/Target/usbd_conf.o

.debug_macro    0x00000000    0x2356e
 .debug_macro   0x00000000      0x347 ./Core/Src/main.o
 .debug_macro   0x00000347      0xab4 ./Core/Src/main.o
 .debug_macro   0x00000dfb      0x295 ./Core/Src/main.o
 .debug_macro   0x00001090       0x2e ./Core/Src/main.o
 .debug_macro   0x000010be       0x28 ./Core/Src/main.o
 .debug_macro   0x000010e6       0x22 ./Core/Src/main.o
 .debug_macro   0x00001108       0x8e ./Core/Src/main.o
 .debug_macro   0x00001196       0x51 ./Core/Src/main.o
 .debug_macro   0x000011e7      0x103 ./Core/Src/main.o
 .debug_macro   0x000012ea       0x6a ./Core/Src/main.o
 .debug_macro   0x00001354      0x1df ./Core/Src/main.o
 .debug_macro   0x00001533       0x1c ./Core/Src/main.o
 .debug_macro   0x0000154f       0x22 ./Core/Src/main.o
 .debug_macro   0x00001571       0xfb ./Core/Src/main.o
 .debug_macro   0x0000166c     0x1011 ./Core/Src/main.o
 .debug_macro   0x0000267d      0x11f ./Core/Src/main.o
 .debug_macro   0x0000279c    0x16749 ./Core/Src/main.o
 .debug_macro   0x00018ee5       0x6d ./Core/Src/main.o
 .debug_macro   0x00018f52     0x368c ./Core/Src/main.o
 .debug_macro   0x0001c5de      0x189 ./Core/Src/main.o
 .debug_macro   0x0001c767       0x5c ./Core/Src/main.o
 .debug_macro   0x0001c7c3      0xca5 ./Core/Src/main.o
 .debug_macro   0x0001d468      0x9e9 ./Core/Src/main.o
 .debug_macro   0x0001de51      0x115 ./Core/Src/main.o
 .debug_macro   0x0001df66      0x1a0 ./Core/Src/main.o
 .debug_macro   0x0001e106       0xa5 ./Core/Src/main.o
 .debug_macro   0x0001e1ab      0x16d ./Core/Src/main.o
 .debug_macro   0x0001e318      0x287 ./Core/Src/main.o
 .debug_macro   0x0001e59f       0x5f ./Core/Src/main.o
 .debug_macro   0x0001e5fe      0x236 ./Core/Src/main.o
 .debug_macro   0x0001e834      0x132 ./Core/Src/main.o
 .debug_macro   0x0001e966      0x29c ./Core/Src/main.o
 .debug_macro   0x0001ec02       0x2e ./Core/Src/main.o
 .debug_macro   0x0001ec30      0x127 ./Core/Src/main.o
 .debug_macro   0x0001ed57       0xe8 ./Core/Src/main.o
 .debug_macro   0x0001ee3f       0x89 ./Core/Src/main.o
 .debug_macro   0x0001eec8      0x293 ./Core/Src/main.o
 .debug_macro   0x0001f15b       0xba ./Core/Src/main.o
 .debug_macro   0x0001f215      0x126 ./Core/Src/main.o
 .debug_macro   0x0001f33b       0x1c ./Core/Src/main.o
 .debug_macro   0x0001f357       0x61 ./Core/Src/main.o
 .debug_macro   0x0001f3b8       0x2a ./Core/Src/main.o
 .debug_macro   0x0001f3e2       0x43 ./Core/Src/main.o
 .debug_macro   0x0001f425       0x34 ./Core/Src/main.o
 .debug_macro   0x0001f459       0x16 ./Core/Src/main.o
 .debug_macro   0x0001f46f       0x35 ./Core/Src/main.o
 .debug_macro   0x0001f4a4      0x369 ./Core/Src/main.o
 .debug_macro   0x0001f80d       0x10 ./Core/Src/main.o
 .debug_macro   0x0001f81d       0x16 ./Core/Src/main.o
 .debug_macro   0x0001f833       0x43 ./Core/Src/main.o
 .debug_macro   0x0001f876       0x34 ./Core/Src/main.o
 .debug_macro   0x0001f8aa       0x10 ./Core/Src/main.o
 .debug_macro   0x0001f8ba       0x58 ./Core/Src/main.o
 .debug_macro   0x0001f912       0x8e ./Core/Src/main.o
 .debug_macro   0x0001f9a0       0x1c ./Core/Src/main.o
 .debug_macro   0x0001f9bc      0x177 ./Core/Src/main.o
 .debug_macro   0x0001fb33       0x16 ./Core/Src/main.o
 .debug_macro   0x0001fb49       0x16 ./Core/Src/main.o
 .debug_macro   0x0001fb5f      0x146 ./Core/Src/main.o
 .debug_macro   0x0001fca5       0x16 ./Core/Src/main.o
 .debug_macro   0x0001fcbb       0x16 ./Core/Src/main.o
 .debug_macro   0x0001fcd1       0x29 ./Core/Src/main.o
 .debug_macro   0x0001fcfa       0x16 ./Core/Src/main.o
 .debug_macro   0x0001fd10       0x20 ./Core/Src/main.o
 .debug_macro   0x0001fd30       0xea ./Core/Src/main.o
 .debug_macro   0x0001fe1a      0x20f ./Core/Src/main.o
 .debug_macro   0x00020029      0x1e3 ./Core/Src/stm32f4xx_hal_msp.o
 .debug_macro   0x0002020c      0x1ed ./Core/Src/stm32f4xx_it.o
 .debug_macro   0x000203f9      0x1d4 ./Core/Src/system_stm32f4xx.o
 .debug_macro   0x000205cd      0x234 ./Drivers/STM32F4xx_HAL_Driver/Src/stm32f4xx_hal.o
 .debug_macro   0x00020801      0x1d4 ./Drivers/STM32F4xx_HAL_Driver/Src/stm32f4xx_hal_cortex.o
 .debug_macro   0x000209d5      0x1da ./Drivers/STM32F4xx_HAL_Driver/Src/stm32f4xx_hal_gpio.o
 .debug_macro   0x00020baf      0x1e0 ./Drivers/STM32F4xx_HAL_Driver/Src/stm32f4xx_hal_pcd.o
 .debug_macro   0x00020d8f      0x1d4 ./Drivers/STM32F4xx_HAL_Driver/Src/stm32f4xx_hal_pcd_ex.o
 .debug_macro   0x00020f63      0x1f8 ./Drivers/STM32F4xx_HAL_Driver/Src/stm32f4xx_hal_rcc.o
 .debug_macro   0x0002115b      0x1d4 ./Drivers/STM32F4xx_HAL_Driver/Src/stm32f4xx_hal_rcc_ex.o
 .debug_macro   0x0002132f      0x1d4 ./Drivers/STM32F4xx_HAL_Driver/Src/stm32f4xx_ll_usb.o
 .debug_macro   0x00021503      0x372 ./Middlewares/ST/STM32_USB_Device_Library/Class/CustomHID/Src/usbd_customhid.o
 .debug_macro   0x00021875       0x9e ./Middlewares/ST/STM32_USB_Device_Library/Class/CustomHID/Src/usbd_customhid.o
 .debug_macro   0x00021913      0x10b ./Middlewares/ST/STM32_USB_Device_Library/Class/CustomHID/Src/usbd_customhid.o
 .debug_macro   0x00021a1e       0x56 ./Middlewares/ST/STM32_USB_Device_Library/Class/CustomHID/Src/usbd_customhid.o
 .debug_macro   0x00021a74       0x4d ./Middlewares/ST/STM32_USB_Device_Library/Class/CustomHID/Src/usbd_customhid.o
 .debug_macro   0x00021ac1      0x359 ./Middlewares/ST/STM32_USB_Device_Library/Core/Src/usbd_core.o
 .debug_macro   0x00021e1a      0x215 ./Middlewares/ST/STM32_USB_Device_Library/Core/Src/usbd_core.o
 .debug_macro   0x0002202f      0x363 ./Middlewares/ST/STM32_USB_Device_Library/Core/Src/usbd_ctlreq.o
 .debug_macro   0x00022392      0x35f ./Middlewares/ST/STM32_USB_Device_Library/Core/Src/usbd_ioreq.o
 .debug_macro   0x000226f1      0x393 ./USB_DEVICE/App/usb_device.o
 .debug_macro   0x00022a84       0x22 ./USB_DEVICE/App/usb_device.o
 .debug_macro   0x00022aa6       0x22 ./USB_DEVICE/App/usb_device.o
 .debug_macro   0x00022ac8      0x378 ./USB_DEVICE/App/usbd_custom_hid_if.o
 .debug_macro   0x00022e40      0x39c ./USB_DEVICE/App/usbd_desc.o
 .debug_macro   0x000231dc       0x1c ./USB_DEVICE/App/usbd_desc.o
 .debug_macro   0x000231f8      0x376 ./USB_DEVICE/Target/usbd_conf.o

.debug_line     0x00000000    0x10b9d
 .debug_line    0x00000000      0xaba ./Core/Src/main.o
 .debug_line    0x00000aba      0x74c ./Core/Src/stm32f4xx_hal_msp.o
 .debug_line    0x00001206      0x827 ./Core/Src/stm32f4xx_it.o
 .debug_line    0x00001a2d      0x7d1 ./Core/Src/system_stm32f4xx.o
 .debug_line    0x000021fe       0x7a ./Core/Startup/startup_stm32f446zetx.o
 .debug_line    0x00002278      0xa3a ./Drivers/STM32F4xx_HAL_Driver/Src/stm32f4xx_hal.o
 .debug_line    0x00002cb2      0xd02 ./Drivers/STM32F4xx_HAL_Driver/Src/stm32f4xx_hal_cortex.o
 .debug_line    0x000039b4      0xbb2 ./Drivers/STM32F4xx_HAL_Driver/Src/stm32f4xx_hal_gpio.o
 .debug_line    0x00004566     0x1545 ./Drivers/STM32F4xx_HAL_Driver/Src/stm32f4xx_hal_pcd.o
 .debug_line    0x00005aab      0x86e ./Drivers/STM32F4xx_HAL_Driver/Src/stm32f4xx_hal_pcd_ex.o
 .debug_line    0x00006319      0xdb9 ./Drivers/STM32F4xx_HAL_Driver/Src/stm32f4xx_hal_rcc.o
 .debug_line    0x000070d2     0x1458 ./Drivers/STM32F4xx_HAL_Driver/Src/stm32f4xx_hal_rcc_ex.o
 .debug_line    0x0000852a     0x1df7 ./Drivers/STM32F4xx_HAL_Driver/Src/stm32f4xx_ll_usb.o
 .debug_line    0x0000a321      0xdfe ./Middlewares/ST/STM32_USB_Device_Library/Class/CustomHID/Src/usbd_customhid.o
 .debug_line    0x0000b11f      0xf4c ./Middlewares/ST/STM32_USB_Device_Library/Core/Src/usbd_core.o
 .debug_line    0x0000c06b     0x1142 ./Middlewares/ST/STM32_USB_Device_Library/Core/Src/usbd_ctlreq.o
 .debug_line    0x0000d1ad      0xa66 ./Middlewares/ST/STM32_USB_Device_Library/Core/Src/usbd_ioreq.o
 .debug_line    0x0000dc13      0xbaa ./USB_DEVICE/App/usb_device.o
 .debug_line    0x0000e7bd      0xa61 ./USB_DEVICE/App/usbd_custom_hid_if.o
 .debug_line    0x0000f21e      0xb06 ./USB_DEVICE/App/usbd_desc.o
 .debug_line    0x0000fd24      0xe79 ./USB_DEVICE/Target/usbd_conf.o

.debug_str      0x00000000    0xc9e0c
 .debug_str     0x00000000    0xc6029 ./Core/Src/main.o
                              0xc6336 (size before relaxing)
 .debug_str     0x000c6029       0x2c ./Core/Src/stm32f4xx_hal_msp.o
                              0xc1b25 (size before relaxing)
 .debug_str     0x000c6055      0x4d2 ./Core/Src/stm32f4xx_it.o
                              0xc1ef0 (size before relaxing)
 .debug_str     0x000c6527       0xdb ./Core/Src/system_stm32f4xx.o
                              0xc1b6c (size before relaxing)
 .debug_str     0x000c6602       0x44 ./Core/Startup/startup_stm32f446zetx.o
                                 0x84 (size before relaxing)
 .debug_str     0x000c6646      0xb22 ./Drivers/STM32F4xx_HAL_Driver/Src/stm32f4xx_hal.o
                              0xc2731 (size before relaxing)
 .debug_str     0x000c7168      0x366 ./Drivers/STM32F4xx_HAL_Driver/Src/stm32f4xx_hal_cortex.o
                              0xc2456 (size before relaxing)
 .debug_str     0x000c74ce      0x120 ./Drivers/STM32F4xx_HAL_Driver/Src/stm32f4xx_hal_gpio.o
                              0xc1ce7 (size before relaxing)
 .debug_str     0x000c75ee      0x852 ./Drivers/STM32F4xx_HAL_Driver/Src/stm32f4xx_hal_pcd.o
                              0xc267d (size before relaxing)
 .debug_str     0x000c7e40      0x12d ./Drivers/STM32F4xx_HAL_Driver/Src/stm32f4xx_hal_pcd_ex.o
                              0xc1f7f (size before relaxing)
 .debug_str     0x000c7f6d      0x21f ./Drivers/STM32F4xx_HAL_Driver/Src/stm32f4xx_hal_rcc.o
                              0xc1fa5 (size before relaxing)
 .debug_str     0x000c818c      0x324 ./Drivers/STM32F4xx_HAL_Driver/Src/stm32f4xx_hal_rcc_ex.o
                              0xc1fd8 (size before relaxing)
 .debug_str     0x000c84b0      0x4b0 ./Drivers/STM32F4xx_HAL_Driver/Src/stm32f4xx_ll_usb.o
                              0xc2539 (size before relaxing)
 .debug_str     0x000c8960      0xa17 ./Middlewares/ST/STM32_USB_Device_Library/Class/CustomHID/Src/usbd_customhid.o
                              0xc6963 (size before relaxing)
 .debug_str     0x000c9377      0x357 ./Middlewares/ST/STM32_USB_Device_Library/Core/Src/usbd_core.o
                              0xc66e3 (size before relaxing)
 .debug_str     0x000c96ce      0x139 ./Middlewares/ST/STM32_USB_Device_Library/Core/Src/usbd_ctlreq.o
                              0xc650e (size before relaxing)
 .debug_str     0x000c9807       0x67 ./Middlewares/ST/STM32_USB_Device_Library/Core/Src/usbd_ioreq.o
                              0xc63e3 (size before relaxing)
 .debug_str     0x000c986e      0x1eb ./USB_DEVICE/App/usb_device.o
                              0xc67ef (size before relaxing)
 .debug_str     0x000c9a59       0x7f ./USB_DEVICE/App/usbd_custom_hid_if.o
                              0xc65f5 (size before relaxing)
 .debug_str     0x000c9ad8      0x2ad ./USB_DEVICE/App/usbd_desc.o
                              0xc6322 (size before relaxing)
 .debug_str     0x000c9d85       0x87 ./USB_DEVICE/Target/usbd_conf.o
                              0xc773e (size before relaxing)

.comment        0x00000000       0x43
 .comment       0x00000000       0x43 ./Core/Src/main.o
                                 0x44 (size before relaxing)
 .comment       0x00000043       0x44 ./Core/Src/stm32f4xx_hal_msp.o
 .comment       0x00000043       0x44 ./Core/Src/stm32f4xx_it.o
 .comment       0x00000043       0x44 ./Core/Src/system_stm32f4xx.o
 .comment       0x00000043       0x44 ./Drivers/STM32F4xx_HAL_Driver/Src/stm32f4xx_hal.o
 .comment       0x00000043       0x44 ./Drivers/STM32F4xx_HAL_Driver/Src/stm32f4xx_hal_cortex.o
 .comment       0x00000043       0x44 ./Drivers/STM32F4xx_HAL_Driver/Src/stm32f4xx_hal_gpio.o
 .comment       0x00000043       0x44 ./Drivers/STM32F4xx_HAL_Driver/Src/stm32f4xx_hal_pcd.o
 .comment       0x00000043       0x44 ./Drivers/STM32F4xx_HAL_Driver/Src/stm32f4xx_hal_pcd_ex.o
 .comment       0x00000043       0x44 ./Drivers/STM32F4xx_HAL_Driver/Src/stm32f4xx_hal_rcc.o
 .comment       0x00000043       0x44 ./Drivers/STM32F4xx_HAL_Driver/Src/stm32f4xx_hal_rcc_ex.o
 .comment       0x00000043       0x44 ./Drivers/STM32F4xx_HAL_Driver/Src/stm32f4xx_ll_usb.o
 .comment       0x00000043       0x44 ./Middlewares/ST/STM32_USB_Device_Library/Class/CustomHID/Src/usbd_customhid.o
 .comment       0x00000043       0x44 ./Middlewares/ST/STM32_USB_Device_Library/Core/Src/usbd_core.o
 .comment       0x00000043       0x44 ./Middlewares/ST/STM32_USB_Device_Library/Core/Src/usbd_ctlreq.o
 .comment       0x00000043       0x44 ./Middlewares/ST/STM32_USB_Device_Library/Core/Src/usbd_ioreq.o
 .comment       0x00000043       0x44 ./USB_DEVICE/App/usb_device.o
 .comment       0x00000043       0x44 ./USB_DEVICE/App/usbd_custom_hid_if.o
 .comment       0x00000043       0x44 ./USB_DEVICE/App/usbd_desc.o
 .comment       0x00000043       0x44 ./USB_DEVICE/Target/usbd_conf.o

.debug_frame    0x00000000     0x2fc8
 .debug_frame   0x00000000       0xd4 ./Core/Src/main.o
 .debug_frame   0x000000d4       0x38 ./Core/Src/stm32f4xx_hal_msp.o
 .debug_frame   0x0000010c      0x120 ./Core/Src/stm32f4xx_it.o
 .debug_frame   0x0000022c       0x58 ./Core/Src/system_stm32f4xx.o
 .debug_frame   0x00000284      0x374 ./Drivers/STM32F4xx_HAL_Driver/Src/stm32f4xx_hal.o
 .debug_frame   0x000005f8      0x4b8 ./Drivers/STM32F4xx_HAL_Driver/Src/stm32f4xx_hal_cortex.o
 .debug_frame   0x00000ab0      0x14c ./Drivers/STM32F4xx_HAL_Driver/Src/stm32f4xx_hal_gpio.o
 .debug_frame   0x00000bfc      0x5b8 ./Drivers/STM32F4xx_HAL_Driver/Src/stm32f4xx_hal_pcd.o
 .debug_frame   0x000011b4      0x100 ./Drivers/STM32F4xx_HAL_Driver/Src/stm32f4xx_hal_pcd_ex.o
 .debug_frame   0x000012b4      0x1f4 ./Drivers/STM32F4xx_HAL_Driver/Src/stm32f4xx_hal_rcc.o
 .debug_frame   0x000014a8      0x1e8 ./Drivers/STM32F4xx_HAL_Driver/Src/stm32f4xx_hal_rcc_ex.o
 .debug_frame   0x00001690      0x7c0 ./Drivers/STM32F4xx_HAL_Driver/Src/stm32f4xx_ll_usb.o
 .debug_frame   0x00001e50      0x1f4 ./Middlewares/ST/STM32_USB_Device_Library/Class/CustomHID/Src/usbd_customhid.o
 .debug_frame   0x00002044      0x390 ./Middlewares/ST/STM32_USB_Device_Library/Core/Src/usbd_core.o
 .debug_frame   0x000023d4      0x23c ./Middlewares/ST/STM32_USB_Device_Library/Core/Src/usbd_ctlreq.o
 .debug_frame   0x00002610      0x10c ./Middlewares/ST/STM32_USB_Device_Library/Core/Src/usbd_ioreq.o
 .debug_frame   0x0000271c      0x138 ./USB_DEVICE/App/usb_device.o
 .debug_frame   0x00002854       0x9c ./USB_DEVICE/App/usbd_custom_hid_if.o
 .debug_frame   0x000028f0      0x188 ./USB_DEVICE/App/usbd_desc.o
 .debug_frame   0x00002a78      0x4a4 ./USB_DEVICE/Target/usbd_conf.o
 .debug_frame   0x00002f1c       0x20 C:/ST/STM32CubeIDE_1.13.1/STM32CubeIDE/plugins/com.st.stm32cube.ide.mcu.externaltools.gnu-tools-for-stm32.12.3.rel1.win32_1.0.100.202403111256/tools/bin/../lib/gcc/arm-none-eabi/12.3.1/../../../../arm-none-eabi/lib/thumb/v7e-m+fp/hard\libc_nano.a(libc_a-memset.o)
 .debug_frame   0x00002f3c       0x2c C:/ST/STM32CubeIDE_1.13.1/STM32CubeIDE/plugins/com.st.stm32cube.ide.mcu.externaltools.gnu-tools-for-stm32.12.3.rel1.win32_1.0.100.202403111256/tools/bin/../lib/gcc/arm-none-eabi/12.3.1/../../../../arm-none-eabi/lib/thumb/v7e-m+fp/hard\libc_nano.a(libc_a-init.o)
 .debug_frame   0x00002f68       0x2c C:/ST/STM32CubeIDE_1.13.1/STM32CubeIDE/plugins/com.st.stm32cube.ide.mcu.externaltools.gnu-tools-for-stm32.12.3.rel1.win32_1.0.100.202403111256/tools/bin/../lib/gcc/arm-none-eabi/12.3.1/thumb/v7e-m+fp/hard\libgcc.a(_aeabi_uldivmod.o)
 .debug_frame   0x00002f94       0x34 C:/ST/STM32CubeIDE_1.13.1/STM32CubeIDE/plugins/com.st.stm32cube.ide.mcu.externaltools.gnu-tools-for-stm32.12.3.rel1.win32_1.0.100.202403111256/tools/bin/../lib/gcc/arm-none-eabi/12.3.1/thumb/v7e-m+fp/hard\libgcc.a(_udivmoddi4.o)

.debug_line_str
                0x00000000       0x68
 .debug_line_str
                0x00000000       0x68 ./Core/Startup/startup_stm32f446zetx.o
